Component: ARM Compiler 5.06 update 7 (build 960) Tool: armlink [4d3601]

==============================================================================

Section Cross References

    main.o(i.main) refers to system.o(i.systemInit) for systemInit
    main.o(i.main) refers to tasks.o(i.xTaskCreate) for xTaskCreate
    main.o(i.main) refers to tasks.o(i.vTaskStartScheduler) for vTaskStartScheduler
    main.o(i.main) refers to main.o(.data) for .data
    main.o(i.main) refers to main.o(i.start_task) for start_task
    main.o(i.start_task) refers to port.o(i.vPortEnterCritical) for vPortEnterCritical
    main.o(i.start_task) refers to timers.o(i.xTimerCreate) for xTimerCreate
    main.o(i.start_task) refers to tasks.o(i.xTaskGetTickCount) for xTaskGetTickCount
    main.o(i.start_task) refers to timers.o(i.xTimerGenericCommand) for xTimerGenericCommand
    main.o(i.start_task) refers to tasks.o(i.xTaskCreate) for xTaskCreate
    main.o(i.start_task) refers to tasks.o(i.vTaskDelete) for vTaskDelete
    main.o(i.start_task) refers to port.o(i.vPortExitCritical) for vPortExitCritical
    main.o(i.start_task) refers to led.o(i.led_timer_callback) for led_timer_callback
    main.o(i.start_task) refers to main.o(.data) for .data
    main.o(i.start_task) refers to uart.o(i.uart_task) for uart_task
    main.o(i.start_task) refers to show.o(i.show_task) for show_task
    main.o(i.start_task) refers to playsong.o(i.button_task) for button_task
    startup_stm32f40_41xxx.o(STACK) refers (Special) to heapauxi.o(.text) for __use_two_region_memory
    startup_stm32f40_41xxx.o(HEAP) refers (Special) to heapauxi.o(.text) for __use_two_region_memory
    startup_stm32f40_41xxx.o(RESET) refers (Special) to heapauxi.o(.text) for __use_two_region_memory
    startup_stm32f40_41xxx.o(RESET) refers to startup_stm32f40_41xxx.o(STACK) for __initial_sp
    startup_stm32f40_41xxx.o(RESET) refers to startup_stm32f40_41xxx.o(.text) for Reset_Handler
    startup_stm32f40_41xxx.o(RESET) refers to stm32f4xx_it.o(i.NMI_Handler) for NMI_Handler
    startup_stm32f40_41xxx.o(RESET) refers to stm32f4xx_it.o(i.HardFault_Handler) for HardFault_Handler
    startup_stm32f40_41xxx.o(RESET) refers to stm32f4xx_it.o(i.MemManage_Handler) for MemManage_Handler
    startup_stm32f40_41xxx.o(RESET) refers to stm32f4xx_it.o(i.BusFault_Handler) for BusFault_Handler
    startup_stm32f40_41xxx.o(RESET) refers to stm32f4xx_it.o(i.UsageFault_Handler) for UsageFault_Handler
    startup_stm32f40_41xxx.o(RESET) refers to port.o(.emb_text) for SVC_Handler
    startup_stm32f40_41xxx.o(RESET) refers to stm32f4xx_it.o(i.DebugMon_Handler) for DebugMon_Handler
    startup_stm32f40_41xxx.o(RESET) refers to delay.o(i.SysTick_Handler) for SysTick_Handler
    startup_stm32f40_41xxx.o(RESET) refers to system.o(i.USART3_IRQHandler) for USART3_IRQHandler
    startup_stm32f40_41xxx.o(.text) refers (Special) to heapauxi.o(.text) for __use_two_region_memory
    startup_stm32f40_41xxx.o(.text) refers to system_stm32f4xx.o(i.SystemInit) for SystemInit
    startup_stm32f40_41xxx.o(.text) refers to __main.o(!!!main) for __main
    startup_stm32f40_41xxx.o(.text) refers to startup_stm32f40_41xxx.o(HEAP) for Heap_Mem
    startup_stm32f40_41xxx.o(.text) refers to startup_stm32f40_41xxx.o(STACK) for Stack_Mem
    system_stm32f4xx.o(i.SystemCoreClockUpdate) refers to system_stm32f4xx.o(.data) for .data
    system_stm32f4xx.o(i.SystemInit) refers to system_stm32f4xx.o(i.SetSysClock) for SetSysClock
    stm32f4xx_gpio.o(i.GPIO_DeInit) refers to stm32f4xx_rcc.o(i.RCC_AHB1PeriphResetCmd) for RCC_AHB1PeriphResetCmd
    stm32f4xx_i2c.o(i.I2C_DeInit) refers to stm32f4xx_rcc.o(i.RCC_APB1PeriphResetCmd) for RCC_APB1PeriphResetCmd
    stm32f4xx_i2c.o(i.I2C_Init) refers to stm32f4xx_rcc.o(i.RCC_GetClocksFreq) for RCC_GetClocksFreq
    stm32f4xx_pwr.o(i.PWR_DeInit) refers to stm32f4xx_rcc.o(i.RCC_APB1PeriphResetCmd) for RCC_APB1PeriphResetCmd
    stm32f4xx_rcc.o(i.RCC_GetClocksFreq) refers to stm32f4xx_rcc.o(.data) for .data
    stm32f4xx_rcc.o(i.RCC_WaitForHSEStartUp) refers to stm32f4xx_rcc.o(i.RCC_GetFlagStatus) for RCC_GetFlagStatus
    stm32f4xx_syscfg.o(i.SYSCFG_DeInit) refers to stm32f4xx_rcc.o(i.RCC_APB2PeriphResetCmd) for RCC_APB2PeriphResetCmd
    stm32f4xx_tim.o(i.TIM_DeInit) refers to stm32f4xx_rcc.o(i.RCC_APB2PeriphResetCmd) for RCC_APB2PeriphResetCmd
    stm32f4xx_tim.o(i.TIM_DeInit) refers to stm32f4xx_rcc.o(i.RCC_APB1PeriphResetCmd) for RCC_APB1PeriphResetCmd
    stm32f4xx_tim.o(i.TIM_ETRClockMode1Config) refers to stm32f4xx_tim.o(i.TIM_ETRConfig) for TIM_ETRConfig
    stm32f4xx_tim.o(i.TIM_ETRClockMode2Config) refers to stm32f4xx_tim.o(i.TIM_ETRConfig) for TIM_ETRConfig
    stm32f4xx_tim.o(i.TIM_ICInit) refers to stm32f4xx_tim.o(i.TIM_SetIC4Prescaler) for TIM_SetIC4Prescaler
    stm32f4xx_tim.o(i.TIM_ICInit) refers to stm32f4xx_tim.o(i.TI1_Config) for TI1_Config
    stm32f4xx_tim.o(i.TIM_ICInit) refers to stm32f4xx_tim.o(i.TIM_SetIC1Prescaler) for TIM_SetIC1Prescaler
[...]
    .ARM.Collect$$libinit$$00000013          0x0800020c   Section        0  libinit2.o(.ARM.Collect$$libinit$$00000013)
    .ARM.Collect$$libinit$$00000015          0x0800020c   Section        0  libinit2.o(.ARM.Collect$$libinit$$00000015)
    .ARM.Collect$$libinit$$00000017          0x0800020c   Section        0  libinit2.o(.ARM.Collect$$libinit$$00000017)
    .ARM.Collect$$libinit$$00000019          0x0800020c   Section        0  libinit2.o(.ARM.Collect$$libinit$$00000019)
    .ARM.Collect$$libinit$$0000001B          0x0800020c   Section        0  libinit2.o(.ARM.Collect$$libinit$$0000001B)
    .ARM.Collect$$libinit$$0000001D          0x0800020c   Section        0  libinit2.o(.ARM.Collect$$libinit$$0000001D)
    .ARM.Collect$$libinit$$0000001F          0x0800020c   Section        0  libinit2.o(.ARM.Collect$$libinit$$0000001F)
    .ARM.Collect$$libinit$$00000021          0x0800020c   Section        0  libinit2.o(.ARM.Collect$$libinit$$00000021)
    .ARM.Collect$$libinit$$00000023          0x0800020c   Section        0  libinit2.o(.ARM.Collect$$libinit$$00000023)
    .ARM.Collect$$libinit$$00000025          0x0800020c   Section        0  libinit2.o(.ARM.Collect$$libinit$$00000025)
    .ARM.Collect$$libinit$$0000002C          0x0800020c   Section        0  libinit2.o(.ARM.Collect$$libinit$$0000002C)
    .ARM.Collect$$libinit$$0000002E          0x0800020c   Section        0  libinit2.o(.ARM.Collect$$libinit$$0000002E)
    .ARM.Collect$$libinit$$00000030          0x0800020c   Section        0  libinit2.o(.ARM.Collect$$libinit$$00000030)
    .ARM.Collect$$libinit$$00000032          0x0800020c   Section        0  libinit2.o(.ARM.Collect$$libinit$$00000032)
    .ARM.Collect$$libinit$$00000033          0x0800020c   Section        2  libinit2.o(.ARM.Collect$$libinit$$00000033)
    .ARM.Collect$$libshutdown$$00000000      0x0800020e   Section        2  libshutdown.o(.ARM.Collect$$libshutdown$$00000000)
    .ARM.Collect$$libshutdown$$00000002      0x08000210   Section        0  libshutdown2.o(.ARM.Collect$$libshutdown$$00000002)
    .ARM.Collect$$libshutdown$$00000004      0x08000210   Section        0  libshutdown2.o(.ARM.Collect$$libshutdown$$00000004)
    .ARM.Collect$$libshutdown$$00000006      0x08000210   Section        0  libshutdown2.o(.ARM.Collect$$libshutdown$$00000006)
    .ARM.Collect$$libshutdown$$00000009      0x08000210   Section        0  libshutdown2.o(.ARM.Collect$$libshutdown$$00000009)
    .ARM.Collect$$libshutdown$$0000000C      0x08000210   Section        0  libshutdown2.o(.ARM.Collect$$libshutdown$$0000000C)
    .ARM.Collect$$libshutdown$$0000000E      0x08000210   Section        0  libshutdown2.o(.ARM.Collect$$libshutdown$$0000000E)
    .ARM.Collect$$libshutdown$$00000011      0x08000210   Section        0  libshutdown2.o(.ARM.Collect$$libshutdown$$00000011)
    .ARM.Collect$$libshutdown$$00000012      0x08000210   Section        2  libshutdown2.o(.ARM.Collect$$libshutdown$$00000012)
    .ARM.Collect$$rtentry$$00000000          0x08000212   Section        0  __rtentry.o(.ARM.Collect$$rtentry$$00000000)
    .ARM.Collect$$rtentry$$00000002          0x08000212   Section        0  __rtentry2.o(.ARM.Collect$$rtentry$$00000002)
    .ARM.Collect$$rtentry$$00000004          0x08000212   Section        6  __rtentry4.o(.ARM.Collect$$rtentry$$00000004)
    .ARM.Collect$$rtentry$$00000009          0x08000218   Section        0  __rtentry2.o(.ARM.Collect$$rtentry$$00000009)
    .ARM.Collect$$rtentry$$0000000A          0x08000218   Section        4  __rtentry2.o(.ARM.Collect$$rtentry$$0000000A)
    .ARM.Collect$$rtentry$$0000000C          0x0800021c   Section        0  __rtentry2.o(.ARM.Collect$$rtentry$$0000000C)
    .ARM.Collect$$rtentry$$0000000D          0x0800021c   Section        8  __rtentry2.o(.ARM.Collect$$rtentry$$0000000D)
    .ARM.Collect$$rtexit$$00000000           0x08000224   Section        2  rtexit.o(.ARM.Collect$$rtexit$$00000000)
    .ARM.Collect$$rtexit$$00000002           0x08000226   Section        0  rtexit2.o(.ARM.Collect$$rtexit$$00000002)
    .ARM.Collect$$rtexit$$00000003           0x08000226   Section        4  rtexit2.o(.ARM.Collect$$rtexit$$00000003)
    .ARM.Collect$$rtexit$$00000004           0x0800022a   Section        6  rtexit2.o(.ARM.Collect$$rtexit$$00000004)
    .emb_text                                0x08000230   Section      190  port.o(.emb_text)
    $v0                                      0x08000230   Number         0  port.o(.emb_text)
    .text                                    0x080002f0   Section       64  startup_stm32f40_41xxx.o(.text)
    $v0                                      0x080002f0   Number         0  startup_stm32f40_41xxx.o(.text)
    .text                                    0x08000330   Section        0  noretval__2sprintf.o(.text)
    .text                                    0x08000358   Section        0  __printf.o(.text)
    .text                                    0x080003c0   Section        0  _printf_dec.o(.text)
    .text                                    0x08000438   Section      138  rt_memcpy_v6.o(.text)
    .text                                    0x080004c2   Section       16  aeabi_memset.o(.text)
    .text                                    0x080004d2   Section       68  rt_memclr.o(.text)
    .text                                    0x08000516   Section       78  rt_memclr_w.o(.text)
    .text                                    0x08000564   Section        0  heapauxi.o(.text)
    .text                                    0x0800056a   Section        0  _printf_intcommon.o(.text)
    .text                                    0x0800061c   Section        0  _printf_char_common.o(.text)
    _printf_input_char                       0x0800061d   Thumb Code    10  _printf_char_common.o(.text)
    .text                                    0x0800064c   Section        0  _sputc.o(.text)
    .text                                    0x08000656   Section      100  rt_memcpy_w.o(.text)
    .text                                    0x080006ba   Section       74  sys_stackheap_outer.o(.text)
    .text                                    0x08000704   Section        0  exit.o(.text)
    .text                                    0x08000718   Section        8  libspace.o(.text)
    .text                                    0x08000720   Section        0  sys_exit.o(.text)
    .text                                    0x0800072c   Section        2  use_no_semi.o(.text)
    .text                                    0x0800072e   Section        0  indicate_semi.o(.text)
    i.BUTTON_Init                            0x08000730   Section        0  playsong.o(i.BUTTON_Init)
    i.BUZZER_Init                            0x08000760   Section        0  buzzer.o(i.BUZZER_Init)
    i.BusFault_Handler                       0x080007a0   Section        0  stm32f4xx_it.o(i.BusFault_Handler)
    i.DebugMon_Handler                       0x080007a2   Section        0  stm32f4xx_it.o(i.DebugMon_Handler)
    i.GPIO_Init                              0x080007a4   Section        0  stm32f4xx_gpio.o(i.GPIO_Init)
    i.GPIO_PinAFConfig                       0x0800081c   Section        0  stm32f4xx_gpio.o(i.GPIO_PinAFConfig)
    i.GPIO_ReadInputDataBit                  0x0800083c   Section        0  stm32f4xx_gpio.o(i.GPIO_ReadInputDataBit)
    i.GPIO_ResetBits                         0x0800084a   Section        0  stm32f4xx_gpio.o(i.GPIO_ResetBits)
    i.GPIO_SetBits                           0x0800084e   Section        0  stm32f4xx_gpio.o(i.GPIO_SetBits)
    i.HardFault_Handler                      0x08000852   Section        0  stm32f4xx_it.o(i.HardFault_Handler)
    i.LED_Init                               0x08000854   Section        0  led.o(i.LED_Init)
    i.MemManage_Handler                      0x08000894   Section        0  stm32f4xx_it.o(i.MemManage_Handler)
    i.NMI_Handler                            0x08000896   Section        0  stm32f4xx_it.o(i.NMI_Handler)
    i.NVIC_Init                              0x08000898   Section        0  misc.o(i.NVIC_Init)
    i.NVIC_PriorityGroupConfig               0x080008fc   Section        0  misc.o(i.NVIC_PriorityGroupConfig)
    i.OLED_Clear                             0x08000910   Section        0  oled.o(i.OLED_Clear)
    i.OLED_DrawPoint                         0x0800093c   Section        0  oled.o(i.OLED_DrawPoint)
    i.OLED_Init                              0x08000978   Section        0  oled.o(i.OLED_Init)
    i.OLED_Refresh_Gram                      0x08000aa8   Section        0  oled.o(i.OLED_Refresh_Gram)
    i.OLED_ShowChar                          0x08000af0   Section        0  oled.o(i.OLED_ShowChar)
    i.OLED_ShowString                        0x08000b74   Section        0  oled.o(i.OLED_ShowString)
    i.OLED_WR_Byte                           0x08000bb4   Section        0  oled.o(i.OLED_WR_Byte)
    i.PWR_BackupAccessCmd                    0x08000bf8   Section        0  stm32f4xx_pwr.o(i.PWR_BackupAccessCmd)
    i.RCC_AHB1PeriphClockCmd                 0x08000c04   Section        0  stm32f4xx_rcc.o(i.RCC_AHB1PeriphClockCmd)
    i.RCC_APB1PeriphClockCmd                 0x08000c1c   Section        0  stm32f4xx_rcc.o(i.RCC_APB1PeriphClockCmd)
    i.RCC_GetClocksFreq                      0x08000c34   Section        0  stm32f4xx_rcc.o(i.RCC_GetClocksFreq)
    i.RCC_LSEConfig                          0x08000cc4   Section        0  stm32f4xx_rcc.o(i.RCC_LSEConfig)
    i.SetSysClock                            0x08000ce0   Section        0  system_stm32f4xx.o(i.SetSysClock)
    SetSysClock                              0x08000ce1   Thumb Code   162  system_stm32f4xx.o(i.SetSysClock)
    i.SysTick_CLKSourceConfig                0x08000d94   Section        0  misc.o(i.SysTick_CLKSourceConfig)
    i.SysTick_Handler                        0x08000dac   Section        0  delay.o(i.SysTick_Handler)
    i.SystemInit                             0x08000dc0   Section        0  system_stm32f4xx.o(i.SystemInit)
    i.USART3_IRQHandler                      0x08000e1c   Section        0  system.o(i.USART3_IRQHandler)
    i.USART_Cmd                              0x08000e4c   Section        0  stm32f4xx_usart.o(i.USART_Cmd)
    i.USART_GetITStatus                      0x08000e60   Section        0  stm32f4xx_usart.o(i.USART_GetITStatus)
    i.USART_ITConfig                         0x08000e9e   Section        0  stm32f4xx_usart.o(i.USART_ITConfig)
    i.USART_Init                             0x08000ed0   Section        0  stm32f4xx_usart.o(i.USART_Init)
    i.USART_ReceiveData                      0x08000f7c   Section        0  stm32f4xx_usart.o(i.USART_ReceiveData)
    i.UsageFault_Handler                     0x08000f84   Section        0  stm32f4xx_it.o(i.UsageFault_Handler)
    i.button_task                            0x08000f88   Section        0  playsong.o(i.button_task)
    i.delay_init                             0x08000fb0   Section        0  delay.o(i.delay_init)
    i.delay_ms                               0x08000fe8   Section        0  delay.o(i.delay_ms)
    i.delay_us                               0x08001020   Section        0  delay.o(i.delay_us)
    i.delay_xms                              0x08001054   Section        0  delay.o(i.delay_xms)
    i.getDuration                            0x0800106e   Section        0  playsong.o(i.getDuration)
    i.getNote                                0x08001084   Section        0  playsong.o(i.getNote)
    i.getPause                               0x080010b0   Section        0  playsong.o(i.getPause)
    i.getSysTickCnt                          0x080010d0   Section        0  delay.o(i.getSysTickCnt)
    i.led_timer_callback                     0x080010ec   Section        0  led.o(i.led_timer_callback)
    i.main                                   0x08001138   Section        0  main.o(i.main)
    i.playNote                               0x08001170   Section        0  playsong.o(i.playNote)
    i.playSong                               0x080011f4   Section        0  playsong.o(i.playSong)
    i.prvAddCurrentTaskToDelayedList         0x08001264   Section        0  tasks.o(i.prvAddCurrentTaskToDelayedList)
    prvAddCurrentTaskToDelayedList           0x08001265   Thumb Code   128  tasks.o(i.prvAddCurrentTaskToDelayedList)
    i.prvAddNewTaskToReadyList               0x080012ec   Section        0  tasks.o(i.prvAddNewTaskToReadyList)
    prvAddNewTaskToReadyList                 0x080012ed   Thumb Code   224  tasks.o(i.prvAddNewTaskToReadyList)
    i.prvCheckForValidListAndQueue           0x080013dc   Section        0  timers.o(i.prvCheckForValidListAndQueue)
    prvCheckForValidListAndQueue             0x080013dd   Thumb Code    62  timers.o(i.prvCheckForValidListAndQueue)
    i.prvCopyDataFromQueue                   0x0800142c   Section        0  queue.o(i.prvCopyDataFromQueue)
    prvCopyDataFromQueue                     0x0800142d   Thumb Code    38  queue.o(i.prvCopyDataFromQueue)
    i.prvCopyDataToQueue                     0x08001452   Section        0  queue.o(i.prvCopyDataToQueue)
    prvCopyDataToQueue                       0x08001453   Thumb Code   108  queue.o(i.prvCopyDataToQueue)
    i.prvDeleteTCB                           0x080014be   Section        0  tasks.o(i.prvDeleteTCB)
    prvDeleteTCB                             0x080014bf   Thumb Code    20  tasks.o(i.prvDeleteTCB)
    i.prvHeapInit                            0x080014d4   Section        0  heap_4.o(i.prvHeapInit)
    prvHeapInit                              0x080014d5   Thumb Code    60  heap_4.o(i.prvHeapInit)
    i.prvIdleTask                            0x08001518   Section        0  tasks.o(i.prvIdleTask)
    prvIdleTask                              0x08001519   Thumb Code    80  tasks.o(i.prvIdleTask)
    i.prvInitialiseNewTask                   0x08001574   Section        0  tasks.o(i.prvInitialiseNewTask)
    prvInitialiseNewTask                     0x08001575   Thumb Code   132  tasks.o(i.prvInitialiseNewTask)
    i.prvInsertBlockIntoFreeList             0x080015f8   Section        0  heap_4.o(i.prvInsertBlockIntoFreeList)
    prvInsertBlockIntoFreeList               0x080015f9   Thumb Code    72  heap_4.o(i.prvInsertBlockIntoFreeList)
    i.prvInsertTimerInActiveList             0x08001644   Section        0  timers.o(i.prvInsertTimerInActiveList)
    prvInsertTimerInActiveList               0x08001645   Thumb Code    52  timers.o(i.prvInsertTimerInActiveList)
    i.prvIsQueueEmpty                        0x0800167c   Section        0  queue.o(i.prvIsQueueEmpty)
    prvIsQueueEmpty                          0x0800167d   Thumb Code    26  queue.o(i.prvIsQueueEmpty)
    i.prvNotifyQueueSetContainer             0x08001696   Section        0  queue.o(i.prvNotifyQueueSetContainer)
    prvNotifyQueueSetContainer               0x08001697   Thumb Code    78  queue.o(i.prvNotifyQueueSetContainer)
    i.prvProcessExpiredTimer                 0x080016e4   Section        0  timers.o(i.prvProcessExpiredTimer)
    prvProcessExpiredTimer                   0x080016e5   Thumb Code    58  timers.o(i.prvProcessExpiredTimer)
    i.prvProcessReceivedCommands             0x08001724   Section        0  timers.o(i.prvProcessReceivedCommands)
    prvProcessReceivedCommands               0x08001725   Thumb Code   222  timers.o(i.prvProcessReceivedCommands)
    i.prvProcessTimerOrBlockTask             0x08001808   Section        0  timers.o(i.prvProcessTimerOrBlockTask)
    prvProcessTimerOrBlockTask               0x08001809   Thumb Code    98  timers.o(i.prvProcessTimerOrBlockTask)
    i.prvReloadTimer                         0x08001874   Section        0  timers.o(i.prvReloadTimer)
    prvReloadTimer                           0x08001875   Thumb Code    40  timers.o(i.prvReloadTimer)
    i.prvResetNextTaskUnblockTime            0x0800189c   Section        0  tasks.o(i.prvResetNextTaskUnblockTime)
    prvResetNextTaskUnblockTime              0x0800189d   Thumb Code    24  tasks.o(i.prvResetNextTaskUnblockTime)
    i.prvSampleTimeNow                       0x080018b8   Section        0  timers.o(i.prvSampleTimeNow)
    prvSampleTimeNow                         0x080018b9   Thumb Code    66  timers.o(i.prvSampleTimeNow)
    i.prvTaskExitError                       0x08001900   Section        0  port.o(i.prvTaskExitError)
    prvTaskExitError                         0x08001901   Thumb Code    16  port.o(i.prvTaskExitError)
    i.prvTimerTask                           0x08001910   Section        0  timers.o(i.prvTimerTask)
    prvTimerTask                             0x08001911   Thumb Code    34  timers.o(i.prvTimerTask)
    i.prvUnlockQueue                         0x08001938   Section        0  queue.o(i.prvUnlockQueue)
    prvUnlockQueue                           0x08001939   Thumb Code   118  queue.o(i.prvUnlockQueue)
    i.pvPortMalloc                           0x080019b0   Section        0  heap_4.o(i.pvPortMalloc)
    i.pxPortInitialiseStack                  0x08001a48   Section        0  port.o(i.pxPortInitialiseStack)
    i.show_task                              0x08001a74   Section        0  show.o(i.show_task)
    i.start_task                             0x08001b9c   Section        0  main.o(i.start_task)
    i.systemInit                             0x08001c58   Section        0  system.o(i.systemInit)
    i.uart3_init                             0x08001c84   Section        0  system.o(i.uart3_init)
    i.uart_task                              0x08001d34   Section        0  uart.o(i.uart_task)
    i.usart3_send                            0x08001d88   Section        0  system.o(i.usart3_send)
    i.uxListRemove                           0x08001d9c   Section        0  list.o(i.uxListRemove)
    i.uxTaskGetNumberOfTasks                 0x08001dc4   Section        0  tasks.o(i.uxTaskGetNumberOfTasks)
    i.vListInitialise                        0x08001dd0   Section        0  list.o(i.vListInitialise)
    i.vListInitialiseItem                    0x08001de6   Section        0  list.o(i.vListInitialiseItem)
    i.vListInsert                            0x08001dec   Section        0  list.o(i.vListInsert)
    i.vListInsertEnd                         0x08001e1c   Section        0  list.o(i.vListInsertEnd)
    i.vPortEnterCritical                     0x08001e34   Section        0  port.o(i.vPortEnterCritical)
    i.vPortExitCritical                      0x08001e5c   Section        0  port.o(i.vPortExitCritical)
    i.vPortFree                              0x08001e70   Section        0  heap_4.o(i.vPortFree)
    i.vPortSetupTimerInterrupt               0x08001eb4   Section        0  port.o(i.vPortSetupTimerInterrupt)
    i.vPortValidateInterruptPriority         0x08001ed8   Section        0  port.o(i.vPortValidateInterruptPriority)
    i.vQueueAddToRegistry                    0x08001ef4   Section        0  queue.o(i.vQueueAddToRegistry)
    i.vQueueWaitForMessageRestricted         0x08001f30   Section        0  queue.o(i.vQueueWaitForMessageRestricted)
    i.vTaskDelay                             0x08001f74   Section        0  tasks.o(i.vTaskDelay)
    i.vTaskDelete                            0x08001fac   Section        0  tasks.o(i.vTaskDelete)
    i.vTaskInternalSetTimeOutState           0x0800204c   Section        0  tasks.o(i.vTaskInternalSetTimeOutState)
    i.vTaskMissedYield                       0x0800205c   Section        0  tasks.o(i.vTaskMissedYield)
    i.vTaskPlaceOnEventList                  0x08002068   Section        0  tasks.o(i.vTaskPlaceOnEventList)
    i.vTaskPlaceOnEventListRestricted        0x0800208c   Section        0  tasks.o(i.vTaskPlaceOnEventListRestricted)
    i.vTaskStartScheduler                    0x080020cc   Section        0  tasks.o(i.vTaskStartScheduler)
    i.vTaskSuspendAll                        0x08002124   Section        0  tasks.o(i.vTaskSuspendAll)
    i.vTaskSwitchContext                     0x08002134   Section        0  tasks.o(i.vTaskSwitchContext)
    i.xPortStartScheduler                    0x0800217c   Section        0  port.o(i.xPortStartScheduler)
    i.xPortSysTickHandler                    0x08002218   Section        0  port.o(i.xPortSysTickHandler)
    i.xQueueGenericCreate                    0x08002244   Section        0  queue.o(i.xQueueGenericCreate)
    i.xQueueGenericReset                     0x08002298   Section        0  queue.o(i.xQueueGenericReset)
    i.xQueueGenericSend                      0x0800232c   Section        0  queue.o(i.xQueueGenericSend)
    i.xQueueGenericSendFromISR               0x08002444   Section        0  queue.o(i.xQueueGenericSendFromISR)
    i.xQueueReceive                          0x080024dc   Section        0  queue.o(i.xQueueReceive)
    i.xTaskCheckForTimeOut                   0x080025d0   Section        0  tasks.o(i.xTaskCheckForTimeOut)
    i.xTaskCreate                            0x08002628   Section        0  tasks.o(i.xTaskCreate)
    i.xTaskDelayUntil                        0x08002684   Section        0  tasks.o(i.xTaskDelayUntil)
    i.xTaskGetSchedulerState                 0x080026dc   Section        0  tasks.o(i.xTaskGetSchedulerState)
    i.xTaskGetTickCount                      0x080026f8   Section        0  tasks.o(i.xTaskGetTickCount)
    i.xTaskIncrementTick                     0x08002704   Section        0  tasks.o(i.xTaskIncrementTick)
    i.xTaskPriorityDisinherit                0x08002818   Section        0  tasks.o(i.xTaskPriorityDisinherit)
    i.xTaskRemoveFromEventList               0x080028a8   Section        0  tasks.o(i.xTaskRemoveFromEventList)
    i.xTaskResumeAll                         0x08002974   Section        0  tasks.o(i.xTaskResumeAll)
    i.xTimerCreate                           0x08002a8c   Section        0  timers.o(i.xTimerCreate)
    i.xTimerCreateTimerTask                  0x08002ad8   Section        0  timers.o(i.xTimerCreateTimerTask)
    i.xTimerGenericCommand                   0x08002b14   Section        0  timers.o(i.xTimerGenericCommand)
    x$fpl$fpinit                             0x08002b64   Section       10  fpinit.o(x$fpl$fpinit)
    $v0                                      0x08002b64   Number         0  fpinit.o(x$fpl$fpinit)
    .constdata                               0x08002b6e   Section     2660  oled.o(.constdata)
    .conststring                             0x080035d4   Section      105  playsong.o(.conststring)
    .data                                    0x20000000   Section        1  main.o(.data)
    .data                                    0x20000001   Section        1  main.o(.data)
    .data                                    0x20000004   Section        4  main.o(.data)
    .data                                    0x20000008   Section        8  main.o(.data)
    .data                                    0x20000010   Section       20  system_stm32f4xx.o(.data)
    .data                                    0x20000024   Section       16  stm32f4xx_rcc.o(.data)
    APBAHBPrescTable                         0x20000024   Data          16  stm32f4xx_rcc.o(.data)
    .data                                    0x20000034   Section        8  delay.o(.data)
    fac_us                                   0x20000034   Data           1  delay.o(.data)
    fac_ms                                   0x20000036   Data           2  delay.o(.data)
    sysTickCnt                               0x20000038   Data           4  delay.o(.data)
    .data                                    0x2000003c   Section       28  heap_4.o(.data)
    pxEnd                                    0x2000003c   Data           4  heap_4.o(.data)
    xFreeBytesRemaining                      0x20000040   Data           4  heap_4.o(.data)
    xMinimumEverFreeBytesRemaining           0x20000044   Data           4  heap_4.o(.data)
    xNumberOfSuccessfulAllocations           0x20000048   Data           4  heap_4.o(.data)
    xNumberOfSuccessfulFrees                 0x2000004c   Data           4  heap_4.o(.data)
    xStart                                   0x20000050   Data           8  heap_4.o(.data)
    .data                                    0x20000058   Section       12  port.o(.data)
    ucMaxSysCallPriority                     0x20000058   Data           1  port.o(.data)
    uxCriticalNesting                        0x2000005c   Data           4  port.o(.data)
    ulMaxPRIGROUPValue                       0x20000060   Data           4  port.o(.data)
    .data                                    0x20000064   Section       64  tasks.o(.data)
    uxDeletedTasksWaitingCleanUp             0x20000068   Data           4  tasks.o(.data)
    uxCurrentNumberOfTasks                   0x2000006c   Data           4  tasks.o(.data)
    xTickCount                               0x20000070   Data           4  tasks.o(.data)
    uxTopReadyPriority                       0x20000074   Data           4  tasks.o(.data)
    xSchedulerRunning                        0x20000078   Data           4  tasks.o(.data)
    xPendedTicks                             0x2000007c   Data           4  tasks.o(.data)
    xYieldPending                            0x20000080   Data           4  tasks.o(.data)
    xNumOfOverflows                          0x20000084   Data           4  tasks.o(.data)
    uxTaskNumber                             0x20000088   Data           4  tasks.o(.data)
    xNextTaskUnblockTime                     0x2000008c   Data           4  tasks.o(.data)
    xIdleTaskHandle                          0x20000090   Data           4  tasks.o(.data)
    uxSchedulerSuspended                     0x20000098   Data           4  tasks.o(.data)
    pxDelayedTaskList                        0x2000009c   Data           4  tasks.o(.data)
    pxOverflowDelayedTaskList                0x200000a0   Data           4  tasks.o(.data)
    .data                                    0x200000a4   Section       20  timers.o(.data)
    xTimerQueue                              0x200000a4   Data           4  timers.o(.data)
    xTimerTaskHandle                         0x200000a8   Data           4  timers.o(.data)
    xLastTime                                0x200000ac   Data           4  timers.o(.data)
    pxCurrentTimerList                       0x200000b0   Data           4  timers.o(.data)
    pxOverflowTimerList                      0x200000b4   Data           4  timers.o(.data)
    .data                                    0x200000b8   Section        1  led.o(.data)
    led_state                                0x200000b8   Data           1  led.o(.data)
    .data                                    0x200000bc   Section       60  playsong.o(.data)
    song                                     0x200000bc   Data           4  playsong.o(.data)
    notes                                    0x200000c0   Data          56  playsong.o(.data)
    .bss                                     0x200000f8   Section    20480  heap_4.o(.bss)
    ucHeap                                   0x200000f8   Data       20480  heap_4.o(.bss)
    .bss                                     0x200050f8   Section       64  queue.o(.bss)
    .bss                                     0x20005138   Section      740  tasks.o(.bss)
    pxReadyTasksLists                        0x20005138   Data         640  tasks.o(.bss)
    xDelayedTaskList1                        0x200053b8   Data          20  tasks.o(.bss)
    xDelayedTaskList2                        0x200053cc   Data          20  tasks.o(.bss)
    xPendingReadyList                        0x200053e0   Data          20  tasks.o(.bss)
    xTasksWaitingTermination                 0x200053f4   Data          20  tasks.o(.bss)
    xSuspendedTaskList                       0x20005408   Data          20  tasks.o(.bss)
    .bss                                     0x2000541c   Section       40  timers.o(.bss)
    xActiveTimerList1                        0x2000541c   Data          20  timers.o(.bss)
    xActiveTimerList2                        0x20005430   Data          20  timers.o(.bss)
    .bss                                     0x20005444   Section     1024  oled.o(.bss)
    .bss                                     0x20005844   Section       96  libspace.o(.bss)
    HEAP                                     0x200058a8   Section      512  startup_stm32f40_41xxx.o(HEAP)
    Heap_Mem                                 0x200058a8   Data         512  startup_stm32f40_41xxx.o(HEAP)
    STACK                                    0x20005aa8   Section     1024  startup_stm32f40_41xxx.o(STACK)
    Stack_Mem                                0x20005aa8   Data        1024  startup_stm32f40_41xxx.o(STACK)
    __initial_sp                             0x20005ea8   Data           0  startup_stm32f40_41xxx.o(STACK)

    Global Symbols

    Symbol Name                              Value     Ov Type        Size  Object(Section)

    BuildAttributes$$THM_ISAv4$E$P$D$K$B$S$7EM$VFPi3$EXTD16$VFPS$VFMA$PE$A:L22UL41UL21$X:L11$S22US41US21$IEEE1$IW$USESV6$~STKCKD$USESV7$~SHL$OSPACE$ROPI$EBA8$UX$STANDARDLIB$REQ8$PRES8$EABIv2 0x00000000   Number         0  anon$$obj.o ABSOLUTE
    __ARM_use_no_argv                        0x00000000   Number         0  main.o ABSOLUTE
    __ARM_exceptions_init                     - Undefined Weak Reference
    __alloca_initialize                       - Undefined Weak Reference
    __arm_fini_                               - Undefined Weak Reference
    __arm_preinit_                            - Undefined Weak Reference
    __cpp_initialize__aeabi_                  - Undefined Weak Reference
    __cxa_finalize                            - Undefined Weak Reference
    __rt_locale                               - Undefined Weak Reference
    __sigvec_lookup                           - Undefined Weak Reference
    _atexit_init                              - Undefined Weak Reference
    _call_atexit_fns                          - Undefined Weak Reference
    _clock_init                               - Undefined Weak Reference
    _fp_trap_init                             - Undefined Weak Reference
    _fp_trap_shutdown                         - Undefined Weak Reference
    _get_lc_collate                           - Undefined Weak Reference
    _get_lc_ctype                             - Undefined Weak Reference
    _get_lc_monetary                          - Undefined Weak Reference
    _get_lc_numeric                           - Undefined Weak Reference
    _get_lc_time                              - Undefined Weak Reference
    _getenv_init                              - Undefined Weak Reference
    _handle_redirection                       - Undefined Weak Reference
    _init_alloc                               - Undefined Weak Reference
    _init_user_alloc                          - Undefined Weak Reference
    _initio                                   - Undefined Weak Reference
    _printf_mbtowc                            - Undefined Weak Reference
    _printf_post_padding                      - Undefined Weak Reference
    _printf_pre_padding                       - Undefined Weak Reference
    _printf_truncate_signed                   - Undefined Weak Reference
    _printf_truncate_unsigned                 - Undefined Weak Reference
    _rand_init                                - Undefined Weak Reference
    _signal_finish                            - Undefined Weak Reference
    _signal_init                              - Undefined Weak Reference
    _terminate_alloc                          - Undefined Weak Reference
    _terminate_user_alloc                     - Undefined Weak Reference
    _terminateio                              - Undefined Weak Reference
    __Vectors_Size                           0x00000188   Number         0  startup_stm32f40_41xxx.o ABSOLUTE
    __Vectors                                0x08000000   Data           4  startup_stm32f40_41xxx.o(RESET)
    __Vectors_End                            0x08000188   Data           0  startup_stm32f40_41xxx.o(RESET)
    __main                                   0x08000189   Thumb Code     8  __main.o(!!!main)
    __scatterload                            0x08000191   Thumb Code     0  __scatter.o(!!!scatter)
    __scatterload_rt2                        0x08000191   Thumb Code    44  __scatter.o(!!!scatter)
    __scatterload_rt2_thumb_only             0x08000191   Thumb Code     0  __scatter.o(!!!scatter)
    __scatterload_null                       0x0800019f   Thumb Code     0  __scatter.o(!!!scatter)
    __scatterload_copy                       0x080001c5   Thumb Code    26  __scatter_copy.o(!!handler_copy)
    __scatterload_zeroinit                   0x080001e1   Thumb Code    28  __scatter_zi.o(!!handler_zi)
    _printf_d                                0x080001fd   Thumb Code     0  _printf_d.o(.ARM.Collect$$_printf_percent$$00000009)
    _printf_percent                          0x080001fd   Thumb Code     0  _printf_percent.o(.ARM.Collect$$_printf_percent$$00000000)
    _printf_percent_end                      0x08000203   Thumb Code     0  _printf_percent_end.o(.ARM.Collect$$_printf_percent$$00000017)
    __rt_lib_init                            0x08000207   Thumb Code     0  libinit.o(.ARM.Collect$$libinit$$00000000)
    __rt_lib_init_fp_1                       0x08000209   Thumb Code     0  libinit2.o(.ARM.Collect$$libinit$$00000001)
    __rt_lib_init_alloca_1                   0x0800020d   Thumb Code     0  libinit2.o(.ARM.Collect$$libinit$$0000002E)
    __rt_lib_init_argv_1                     0x0800020d   Thumb Code     0  libinit2.o(.ARM.Collect$$libinit$$0000002C)
    __rt_lib_init_atexit_1                   0x0800020d   Thumb Code     0  libinit2.o(.ARM.Collect$$libinit$$0000001B)
    __rt_lib_init_clock_1                    0x0800020d   Thumb Code     0  libinit2.o(.ARM.Collect$$libinit$$00000021)
    __rt_lib_init_cpp_1                      0x0800020d   Thumb Code     0  libinit2.o(.ARM.Collect$$libinit$$00000032)
    __rt_lib_init_exceptions_1               0x0800020d   Thumb Code     0  libinit2.o(.ARM.Collect$$libinit$$00000030)
    __rt_lib_init_fp_trap_1                  0x0800020d   Thumb Code     0  libinit2.o(.ARM.Collect$$libinit$$0000001F)
    __rt_lib_init_getenv_1                   0x0800020d   Thumb Code     0  libinit2.o(.ARM.Collect$$libinit$$00000023)
    __rt_lib_init_heap_1                     0x0800020d   Thumb Code     0  libinit2.o(.ARM.Collect$$libinit$$0000000A)
    __rt_lib_init_lc_collate_1               0x0800020d   Thumb Code     0  libinit2.o(.ARM.Collect$$libinit$$00000011)
    __rt_lib_init_lc_ctype_1                 0x0800020d   Thumb Code     0  libinit2.o(.ARM.Collect$$libinit$$00000013)
    __rt_lib_init_lc_monetary_1              0x0800020d   Thumb Code     0  libinit2.o(.ARM.Collect$$libinit$$00000015)
    __rt_lib_init_lc_numeric_1               0x0800020d   Thumb Code     0  libinit2.o(.ARM.Collect$$libinit$$00000017)
    __rt_lib_init_lc_time_1                  0x0800020d   Thumb Code     0  libinit2.o(.ARM.Collect$$libinit$$00000019)
    __rt_lib_init_preinit_1                  0x0800020d   Thumb Code     0  libinit2.o(.ARM.Collect$$libinit$$00000004)
    __rt_lib_init_rand_1                     0x0800020d   Thumb Code     0  libinit2.o(.ARM.Collect$$libinit$$0000000E)
    __rt_lib_init_return                     0x0800020d   Thumb Code     0  libinit2.o(.ARM.Collect$$libinit$$00000033)
    __rt_lib_init_signal_1                   0x0800020d   Thumb Code     0  libinit2.o(.ARM.Collect$$libinit$$0000001D)
    __rt_lib_init_stdio_1                    0x0800020d   Thumb Code     0  libinit2.o(.ARM.Collect$$libinit$$00000025)
    __rt_lib_init_user_alloc_1               0x0800020d   Thumb Code     0  libinit2.o(.ARM.Collect$$libinit$$0000000C)
    __rt_lib_shutdown                        0x0800020f   Thumb Code     0  libshutdown.o(.ARM.Collect$$libshutdown$$00000000)
    __rt_lib_shutdown_cpp_1                  0x08000211   Thumb Code     0  libshutdown2.o(.ARM.Collect$$libshutdown$$00000004)
    __rt_lib_shutdown_fini_1                 0x08000211   Thumb Code     0  libshutdown2.o(.ARM.Collect$$libshutdown$$00000002)
    __rt_lib_shutdown_fp_trap_1              0x08000211   Thumb Code     0  libshutdown2.o(.ARM.Collect$$libshutdown$$00000009)
    __rt_lib_shutdown_heap_1                 0x08000211   Thumb Code     0  libshutdown2.o(.ARM.Collect$$libshutdown$$00000011)
    __rt_lib_shutdown_return                 0x08000211   Thumb Code     0  libshutdown2.o(.ARM.Collect$$libshutdown$$00000012)
    __rt_lib_shutdown_signal_1               0x08000211   Thumb Code     0  libshutdown2.o(.ARM.Collect$$libshutdown$$0000000C)
    __rt_lib_shutdown_stdio_1                0x08000211   Thumb Code     0  libshutdown2.o(.ARM.Collect$$libshutdown$$00000006)
    __rt_lib_shutdown_user_alloc_1           0x08000211   Thumb Code     0  libshutdown2.o(.ARM.Collect$$libshutdown$$0000000E)
    __rt_entry                               0x08000213   Thumb Code     0  __rtentry.o(.ARM.Collect$$rtentry$$00000000)
    __rt_entry_presh_1                       0x08000213   Thumb Code     0  __rtentry2.o(.ARM.Collect$$rtentry$$00000002)
    __rt_entry_sh                            0x08000213   Thumb Code     0  __rtentry4.o(.ARM.Collect$$rtentry$$00000004)
    __rt_entry_li                            0x08000219   Thumb Code     0  __rtentry2.o(.ARM.Collect$$rtentry$$0000000A)
    __rt_entry_postsh_1                      0x08000219   Thumb Code     0  __rtentry2.o(.ARM.Collect$$rtentry$$00000009)
    __rt_entry_main                          0x0800021d   Thumb Code     0  __rtentry2.o(.ARM.Collect$$rtentry$$0000000D)
    __rt_entry_postli_1                      0x0800021d   Thumb Code     0  __rtentry2.o(.ARM.Collect$$rtentry$$0000000C)
    __rt_exit                                0x08000225   Thumb Code     0  rtexit.o(.ARM.Collect$$rtexit$$00000000)
    __rt_exit_ls                             0x08000227   Thumb Code     0  rtexit2.o(.ARM.Collect$$rtexit$$00000003)
    __rt_exit_prels_1                        0x08000227   Thumb Code     0  rtexit2.o(.ARM.Collect$$rtexit$$00000002)
    __rt_exit_exit                           0x0800022b   Thumb Code     0  rtexit2.o(.ARM.Collect$$rtexit$$00000004)
    SVC_Handler                              0x08000231   Thumb Code    28  port.o(.emb_text)
    __asm___6_port_c_39a90d8d__prvStartFirstTask 0x08000251   Thumb Code    36  port.o(.emb_text)
    __asm___6_port_c_39a90d8d__prvEnableVFP  0x08000279   Thumb Code    16  port.o(.emb_text)
    PendSV_Handler                           0x0800028d   Thumb Code    88  port.o(.emb_text)
    vPortGetIPSR                             0x080002e9   Thumb Code     6  port.o(.emb_text)
    Reset_Handler                            0x080002f1   Thumb Code     8  startup_stm32f40_41xxx.o(.text)
    ADC_IRQHandler                           0x0800030b   Thumb Code     0  startup_stm32f40_41xxx.o(.text)
    CAN1_RX0_IRQHandler                      0x0800030b   Thumb Code     0  startup_stm32f40_41xxx.o(.text)
    CAN1_RX1_IRQHandler                      0x0800030b   Thumb Code     0  startup_stm32f40_41xxx.o(.text)
    CAN1_SCE_IRQHandler                      0x0800030b   Thumb Code     0  startup_stm32f40_41xxx.o(.text)
    CAN1_TX_IRQHandler                       0x0800030b   Thumb Code     0  startup_stm32f40_41xxx.o(.text)
    CAN2_RX0_IRQHandler                      0x0800030b   Thumb Code     0  startup_stm32f40_41xxx.o(.text)
    CAN2_RX1_IRQHandler                      0x0800030b   Thumb Code     0  startup_stm32f40_41xxx.o(.text)
    CAN2_SCE_IRQHandler                      0x0800030b   Thumb Code     0  startup_stm32f40_41xxx.o(.text)
    CAN2_TX_IRQHandler                       0x0800030b   Thumb Code     0  startup_stm32f40_41xxx.o(.text)
    CRYP_IRQHandler                          0x0800030b   Thumb Code     0  startup_stm32f40_41xxx.o(.text)
    DCMI_IRQHandler                          0x0800030b   Thumb Code     0  startup_stm32f40_41xxx.o(.text)
    DMA1_Stream0_IRQHandler                  0x0800030b   Thumb Code     0  startup_stm32f40_41xxx.o(.text)
    DMA1_Stream1_IRQHandler                  0x0800030b   Thumb Code     0  startup_stm32f40_41xxx.o(.text)
    DMA1_Stream2_IRQHandler                  0x0800030b   Thumb Code     0  startup_stm32f40_41xxx.o(.text)
    DMA1_Stream3_IRQHandler                  0x0800030b   Thumb Code     0  startup_stm32f40_41xxx.o(.text)
    DMA1_Stream4_IRQHandler                  0x0800030b   Thumb Code     0  startup_stm32f40_41xxx.o(.text)
    DMA1_Stream5_IRQHandler                  0x0800030b   Thumb Code     0  startup_stm32f40_41xxx.o(.text)
    DMA1_Stream6_IRQHandler                  0x0800030b   Thumb Code     0  startup_stm32f40_41xxx.o(.text)
    DMA1_Stream7_IRQHandler                  0x0800030b   Thumb Code     0  startup_stm32f40_41xxx.o(.text)
    DMA2_Stream0_IRQHandler                  0x0800030b   Thumb Code     0  startup_stm32f40_41xxx.o(.text)
    DMA2_Stream1_IRQHandler                  0x0800030b   Thumb Code     0  startup_stm32f40_41xxx.o(.text)
    DMA2_Stream2_IRQHandler                  0x0800030b   Thumb Code     0  startup_stm32f40_41xxx.o(.text)
    DMA2_Stream3_IRQHandler                  0x0800030b   Thumb Code     0  startup_stm32f40_41xxx.o(.text)
    DMA2_Stream4_IRQHandler                  0x0800030b   Thumb Code     0  startup_stm32f40_41xxx.o(.text)
    DMA2_Stream5_IRQHandler                  0x0800030b   Thumb Code     0  startup_stm32f40_41xxx.o(.text)
    DMA2_Stream6_IRQHandler                  0x0800030b   Thumb Code     0  startup_stm32f40_41xxx.o(.text)
    DMA2_Stream7_IRQHandler                  0x0800030b   Thumb Code     0  startup_stm32f40_41xxx.o(.text)
    ETH_IRQHandler                           0x0800030b   Thumb Code     0  startup_stm32f40_41xxx.o(.text)
    ETH_WKUP_IRQHandler                      0x0800030b   Thumb Code     0  startup_stm32f40_41xxx.o(.text)
    EXTI0_IRQHandler                         0x0800030b   Thumb Code     0  startup_stm32f40_41xxx.o(.text)
    EXTI15_10_IRQHandler                     0x0800030b   Thumb Code     0  startup_stm32f40_41xxx.o(.text)
    EXTI1_IRQHandler                         0x0800030b   Thumb Code     0  startup_stm32f40_41xxx.o(.text)
    EXTI2_IRQHandler                         0x0800030b   Thumb Code     0  startup_stm32f40_41xxx.o(.text)
    EXTI3_IRQHandler                         0x0800030b   Thumb Code     0  startup_stm32f40_41xxx.o(.text)
    EXTI4_IRQHandler                         0x0800030b   Thumb Code     0  startup_stm32f40_41xxx.o(.text)
    EXTI9_5_IRQHandler                       0x0800030b   Thumb Code     0  startup_stm32f40_41xxx.o(.text)
    FLASH_IRQHandler                         0x0800030b   Thumb Code     0  startup_stm32f40_41xxx.o(.text)
    FPU_IRQHandler                           0x0800030b   Thumb Code     0  startup_stm32f40_41xxx.o(.text)
    FSMC_IRQHandler                          0x0800030b   Thumb Code     0  startup_stm32f40_41xxx.o(.text)
    HASH_RNG_IRQHandler                      0x0800030b   Thumb Code     0  startup_stm32f40_41xxx.o(.text)
    I2C1_ER_IRQHandler                       0x0800030b   Thumb Code     0  startup_stm32f40_41xxx.o(.text)
    I2C1_EV_IRQHandler                       0x0800030b   Thumb Code     0  startup_stm32f40_41xxx.o(.text)
    I2C2_ER_IRQHandler                       0x0800030b   Thumb Code     0  startup_stm32f40_41xxx.o(.text)
    I2C2_EV_IRQHandler                       0x0800030b   Thumb Code     0  startup_stm32f40_41xxx.o(.text)
    I2C3_ER_IRQHandler                       0x0800030b   Thumb Code     0  startup_stm32f40_41xxx.o(.text)
    I2C3_EV_IRQHandler                       0x0800030b   Thumb Code     0  startup_stm32f40_41xxx.o(.text)
    OTG_FS_IRQHandler                        0x0800030b   Thumb Code     0  startup_stm32f40_41xxx.o(.text)
    OTG_FS_WKUP_IRQHandler                   0x0800030b   Thumb Code     0  startup_stm32f40_41xxx.o(.text)
    OTG_HS_EP1_IN_IRQHandler                 0x0800030b   Thumb Code     0  startup_stm32f40_41xxx.o(.text)
    OTG_HS_EP1_OUT_IRQHandler                0x0800030b   Thumb Code     0  startup_stm32f40_41xxx.o(.text)
    OTG_HS_IRQHandler                        0x0800030b   Thumb Code     0  startup_stm32f40_41xxx.o(.text)
    OTG_HS_WKUP_IRQHandler                   0x0800030b   Thumb Code     0  startup_stm32f40_41xxx.o(.text)
    PVD_IRQHandler                           0x0800030b   Thumb Code     0  startup_stm32f40_41xxx.o(.text)
    RCC_IRQHandler                           0x0800030b   Thumb Code     0  startup_stm32f40_41xxx.o(.text)
    RTC_Alarm_IRQHandler                     0x0800030b   Thumb Code     0  startup_stm32f40_41xxx.o(.text)
    RTC_WKUP_IRQHandler                      0x0800030b   Thumb Code     0  startup_stm32f40_41xxx.o(.text)
    SDIO_IRQHandler                          0x0800030b   Thumb Code     0  startup_stm32f40_41xxx.o(.text)
    SPI1_IRQHandler                          0x0800030b   Thumb Code     0  startup_stm32f40_41xxx.o(.text)
    SPI2_IRQHandler                          0x0800030b   Thumb Code     0  startup_stm32f40_41xxx.o(.text)
    SPI3_IRQHandler                          0x0800030b   Thumb Code     0  startup_stm32f40_41xxx.o(.text)
    TAMP_STAMP_IRQHandler                    0x0800030b   Thumb Code     0  startup_stm32f40_41xxx.o(.text)
    TIM1_BRK_TIM9_IRQHandler                 0x0800030b   Thumb Code     0  startup_stm32f40_41xxx.o(.text)
    TIM1_CC_IRQHandler                       0x0800030b   Thumb Code     0  startup_stm32f40_41xxx.o(.text)
    TIM1_TRG_COM_TIM11_IRQHandler            0x0800030b   Thumb Code     0  startup_stm32f40_41xxx.o(.text)
    TIM1_UP_TIM10_IRQHandler                 0x0800030b   Thumb Code     0  startup_stm32f40_41xxx.o(.text)
    TIM2_IRQHandler                          0x0800030b   Thumb Code     0  startup_stm32f40_41xxx.o(.text)
    TIM3_IRQHandler                          0x0800030b   Thumb Code     0  startup_stm32f40_41xxx.o(.text)
    TIM4_IRQHandler                          0x0800030b   Thumb Code     0  startup_stm32f40_41xxx.o(.text)
    TIM5_IRQHandler                          0x0800030b   Thumb Code     0  startup_stm32f40_41xxx.o(.text)
    TIM6_DAC_IRQHandler                      0x0800030b   Thumb Code     0  startup_stm32f40_41xxx.o(.text)
    TIM7_IRQHandler                          0x0800030b   Thumb Code     0  startup_stm32f40_41xxx.o(.text)
    TIM8_BRK_TIM12_IRQHandler                0x0800030b   Thumb Code     0  startup_stm32f40_41xxx.o(.text)
    TIM8_CC_IRQHandler                       0x0800030b   Thumb Code     0  startup_stm32f40_41xxx.o(.text)
    TIM8_TRG_COM_TIM14_IRQHandler            0x0800030b   Thumb Code     0  startup_stm32f40_41xxx.o(.text)
    TIM8_UP_TIM13_IRQHandler                 0x0800030b   Thumb Code     0  startup_stm32f40_41xxx.o(.text)
    UART4_IRQHandler                         0x0800030b   Thumb Code     0  startup_stm32f40_41xxx.o(.text)
    UART5_IRQHandler                         0x0800030b   Thumb Code     0  startup_stm32f40_41xxx.o(.text)
    USART1_IRQHandler                        0x0800030b   Thumb Code     0  startup_stm32f40_41xxx.o(.text)
    USART2_IRQHandler                        0x0800030b   Thumb Code     0  startup_stm32f40_41xxx.o(.text)
    USART6_IRQHandler                        0x0800030b   Thumb Code     0  startup_stm32f40_41xxx.o(.text)
    WWDG_IRQHandler                          0x0800030b   Thumb Code     0  startup_stm32f40_41xxx.o(.text)
    __user_initial_stackheap                 0x0800030d   Thumb Code     0  startup_stm32f40_41xxx.o(.text)
    __2sprintf                               0x08000331   Thumb Code    34  noretval__2sprintf.o(.text)
    __printf                                 0x08000359   Thumb Code   104  __printf.o(.text)
    _printf_int_dec                          0x080003c1   Thumb Code   104  _printf_dec.o(.text)
    __aeabi_memcpy                           0x08000439   Thumb Code     0  rt_memcpy_v6.o(.text)
    __rt_memcpy                              0x08000439   Thumb Code   138  rt_memcpy_v6.o(.text)
    _memcpy_lastbytes                        0x0800049f   Thumb Code     0  rt_memcpy_v6.o(.text)
    __aeabi_memset                           0x080004c3   Thumb Code    16  aeabi_memset.o(.text)
    __aeabi_memclr                           0x080004d3   Thumb Code     0  rt_memclr.o(.text)
    __rt_memclr                              0x080004d3   Thumb Code    68  rt_memclr.o(.text)
    _memset                                  0x080004d7   Thumb Code     0  rt_memclr.o(.text)
    __aeabi_memclr4                          0x08000517   Thumb Code     0  rt_memclr_w.o(.text)
    __aeabi_memclr8                          0x08000517   Thumb Code     0  rt_memclr_w.o(.text)
    __rt_memclr_w                            0x08000517   Thumb Code    78  rt_memclr_w.o(.text)
    _memset_w                                0x0800051b   Thumb Code     0  rt_memclr_w.o(.text)
    __use_two_region_memory                  0x08000565   Thumb Code     2  heapauxi.o(.text)
    __rt_heap_escrow$2region                 0x08000567   Thumb Code     2  heapauxi.o(.text)
    __rt_heap_expand$2region                 0x08000569   Thumb Code     2  heapauxi.o(.text)
    _printf_int_common                       0x0800056b   Thumb Code   178  _printf_intcommon.o(.text)
    _printf_char_common                      0x08000627   Thumb Code    32  _printf_char_common.o(.text)
    _sputc                                   0x0800064d   Thumb Code    10  _sputc.o(.text)
    __aeabi_memcpy4                          0x08000657   Thumb Code     0  rt_memcpy_w.o(.text)
    __aeabi_memcpy8                          0x08000657   Thumb Code     0  rt_memcpy_w.o(.text)
    __rt_memcpy_w                            0x08000657   Thumb Code   100  rt_memcpy_w.o(.text)
    _memcpy_lastbytes_aligned                0x0800069f   Thumb Code     0  rt_memcpy_w.o(.text)
    __user_setup_stackheap                   0x080006bb   Thumb Code    74  sys_stackheap_outer.o(.text)
    exit                                     0x08000705   Thumb Code    18  exit.o(.text)
    __user_libspace                          0x08000719   Thumb Code     8  libspace.o(.text)
    __user_perproc_libspace                  0x08000719   Thumb Code     0  libspace.o(.text)
    __user_perthread_libspace                0x08000719   Thumb Code     0  libspace.o(.text)
    _sys_exit                                0x08000721   Thumb Code     8  sys_exit.o(.text)
    __I$use$semihosting                      0x0800072d   Thumb Code     0  use_no_semi.o(.text)
    __use_no_semihosting_swi                 0x0800072d   Thumb Code     2  use_no_semi.o(.text)
    __semihosting_library_function           0x0800072f   Thumb Code     0  indicate_semi.o(.text)
    BUTTON_Init                              0x08000731   Thumb Code    44  playsong.o(i.BUTTON_Init)
    BUZZER_Init                              0x08000761   Thumb Code    58  buzzer.o(i.BUZZER_Init)
    BusFault_Handler                         0x080007a1   Thumb Code     2  stm32f4xx_it.o(i.BusFault_Handler)
    DebugMon_Handler                         0x080007a3   Thumb Code     2  stm32f4xx_it.o(i.DebugMon_Handler)
    GPIO_Init                                0x080007a5   Thumb Code   120  stm32f4xx_gpio.o(i.GPIO_Init)
    GPIO_PinAFConfig                         0x0800081d   Thumb Code    32  stm32f4xx_gpio.o(i.GPIO_PinAFConfig)
    GPIO_ReadInputDataBit                    0x0800083d   Thumb Code    14  stm32f4xx_gpio.o(i.GPIO_ReadInputDataBit)
    GPIO_ResetBits                           0x0800084b   Thumb Code     4  stm32f4xx_gpio.o(i.GPIO_ResetBits)
    GPIO_SetBits                             0x0800084f   Thumb Code     4  stm32f4xx_gpio.o(i.GPIO_SetBits)
    HardFault_Handler                        0x08000853   Thumb Code     2  stm32f4xx_it.o(i.HardFault_Handler)
    LED_Init                                 0x08000855   Thumb Code    58  led.o(i.LED_Init)
    MemManage_Handler                        0x08000895   Thumb Code     2  stm32f4xx_it.o(i.MemManage_Handler)
    NMI_Handler                              0x08000897   Thumb Code     2  stm32f4xx_it.o(i.NMI_Handler)
    NVIC_Init                                0x08000899   Thumb Code    96  misc.o(i.NVIC_Init)
    NVIC_PriorityGroupConfig                 0x080008fd   Thumb Code    10  misc.o(i.NVIC_PriorityGroupConfig)
    OLED_Clear                               0x08000911   Thumb Code    38  oled.o(i.OLED_Clear)
    OLED_DrawPoint                           0x0800093d   Thumb Code    54  oled.o(i.OLED_DrawPoint)
    OLED_Init                                0x08000979   Thumb Code   294  oled.o(i.OLED_Init)
    OLED_Refresh_Gram                        0x08000aa9   Thumb Code    66  oled.o(i.OLED_Refresh_Gram)
    OLED_ShowChar                            0x08000af1   Thumb Code   124  oled.o(i.OLED_ShowChar)
    OLED_ShowString                          0x08000b75   Thumb Code    62  oled.o(i.OLED_ShowString)
    OLED_WR_Byte                             0x08000bb5   Thumb Code    62  oled.o(i.OLED_WR_Byte)
    PWR_BackupAccessCmd                      0x08000bf9   Thumb Code     6  stm32f4xx_pwr.o(i.PWR_BackupAccessCmd)
    RCC_AHB1PeriphClockCmd                   0x08000c05   Thumb Code    18  stm32f4xx_rcc.o(i.RCC_AHB1PeriphClockCmd)
    RCC_APB1PeriphClockCmd                   0x08000c1d   Thumb Code    18  stm32f4xx_rcc.o(i.RCC_APB1PeriphClockCmd)
    RCC_GetClocksFreq                        0x08000c35   Thumb Code   132  stm32f4xx_rcc.o(i.RCC_GetClocksFreq)
    RCC_LSEConfig                            0x08000cc5   Thumb Code    22  stm32f4xx_rcc.o(i.RCC_LSEConfig)
    SysTick_CLKSourceConfig                  0x08000d95   Thumb Code    24  misc.o(i.SysTick_CLKSourceConfig)
    SysTick_Handler                          0x08000dad   Thumb Code    20  delay.o(i.SysTick_Handler)
    SystemInit                               0x08000dc1   Thumb Code    74  system_stm32f4xx.o(i.SystemInit)
    USART3_IRQHandler                        0x08000e1d   Thumb Code    36  system.o(i.USART3_IRQHandler)
    USART_Cmd                                0x08000e4d   Thumb Code    20  stm32f4xx_usart.o(i.USART_Cmd)
    USART_GetITStatus                        0x08000e61   Thumb Code    62  stm32f4xx_usart.o(i.USART_GetITStatus)
    USART_ITConfig                           0x08000e9f   Thumb Code    48  stm32f4xx_usart.o(i.USART_ITConfig)
    USART_Init                               0x08000ed1   Thumb Code   164  stm32f4xx_usart.o(i.USART_Init)
    USART_ReceiveData                        0x08000f7d   Thumb Code     8  stm32f4xx_usart.o(i.USART_ReceiveData)
    UsageFault_Handler                       0x08000f85   Thumb Code     2  stm32f4xx_it.o(i.UsageFault_Handler)
    button_task                              0x08000f89   Thumb Code    32  playsong.o(i.button_task)
    delay_init                               0x08000fb1   Thumb Code    50  delay.o(i.delay_init)
    delay_ms                                 0x08000fe9   Thumb Code    50  delay.o(i.delay_ms)
    delay_us                                 0x08001021   Thumb Code    48  delay.o(i.delay_us)
    delay_xms                                0x08001055   Thumb Code    26  delay.o(i.delay_xms)
    getDuration                              0x0800106f   Thumb Code    20  playsong.o(i.getDuration)
    getNote                                  0x08001085   Thumb Code    40  playsong.o(i.getNote)
    getPause                                 0x080010b1   Thumb Code    32  playsong.o(i.getPause)
    getSysTickCnt                            0x080010d1   Thumb Code    24  delay.o(i.getSysTickCnt)
    led_timer_callback                       0x080010ed   Thumb Code    58  led.o(i.led_timer_callback)
    main                                     0x08001139   Thumb Code    34  main.o(i.main)
    playNote                                 0x08001171   Thumb Code   122  playsong.o(i.playNote)
    playSong                                 0x080011f5   Thumb Code   102  playsong.o(i.playSong)
    pvPortMalloc                             0x080019b1   Thumb Code   146  heap_4.o(i.pvPortMalloc)
    pxPortInitialiseStack                    0x08001a49   Thumb Code    40  port.o(i.pxPortInitialiseStack)
    show_task                                0x08001a75   Thumb Code   180  show.o(i.show_task)
    start_task                               0x08001b9d   Thumb Code   118  main.o(i.start_task)
    systemInit                               0x08001c59   Thumb Code    44  system.o(i.systemInit)
    uart3_init                               0x08001c85   Thumb Code   168  system.o(i.uart3_init)
    uart_task                                0x08001d35   Thumb Code    44  uart.o(i.uart_task)
    usart3_send                              0x08001d89   Thumb Code    14  system.o(i.usart3_send)
    uxListRemove                             0x08001d9d   Thumb Code    38  list.o(i.uxListRemove)
    uxTaskGetNumberOfTasks                   0x08001dc5   Thumb Code     6  tasks.o(i.uxTaskGetNumberOfTasks)
    vListInitialise                          0x08001dd1   Thumb Code    22  list.o(i.vListInitialise)
    vListInitialiseItem                      0x08001de7   Thumb Code     6  list.o(i.vListInitialiseItem)
    vListInsert                              0x08001ded   Thumb Code    48  list.o(i.vListInsert)
    vListInsertEnd                           0x08001e1d   Thumb Code    24  list.o(i.vListInsertEnd)
    vPortEnterCritical                       0x08001e35   Thumb Code    32  port.o(i.vPortEnterCritical)
    vPortExitCritical                        0x08001e5d   Thumb Code    16  port.o(i.vPortExitCritical)
    vPortFree                                0x08001e71   Thumb Code    64  heap_4.o(i.vPortFree)
    vPortSetupTimerInterrupt                 0x08001eb5   Thumb Code    32  port.o(i.vPortSetupTimerInterrupt)
    vPortValidateInterruptPriority           0x08001ed9   Thumb Code    24  port.o(i.vPortValidateInterruptPriority)
    vQueueAddToRegistry                      0x08001ef5   Thumb Code    54  queue.o(i.vQueueAddToRegistry)
    vQueueWaitForMessageRestricted           0x08001f31   Thumb Code    68  queue.o(i.vQueueWaitForMessageRestricted)
    vTaskDelay                               0x08001f75   Thumb Code    48  tasks.o(i.vTaskDelay)
    vTaskDelete                              0x08001fad   Thumb Code   144  tasks.o(i.vTaskDelete)
    vTaskInternalSetTimeOutState             0x0800204d   Thumb Code    12  tasks.o(i.vTaskInternalSetTimeOutState)
    vTaskMissedYield                         0x0800205d   Thumb Code     8  tasks.o(i.vTaskMissedYield)
    vTaskPlaceOnEventList                    0x08002069   Thumb Code    30  tasks.o(i.vTaskPlaceOnEventList)
    vTaskPlaceOnEventListRestricted          0x0800208d   Thumb Code    58  tasks.o(i.vTaskPlaceOnEventListRestricted)
    vTaskStartScheduler                      0x080020cd   Thumb Code    72  tasks.o(i.vTaskStartScheduler)
    vTaskSuspendAll                          0x08002125   Thumb Code    10  tasks.o(i.vTaskSuspendAll)
    vTaskSwitchContext                       0x08002135   Thumb Code    64  tasks.o(i.vTaskSwitchContext)
    xPortStartScheduler                      0x0800217d   Thumb Code   138  port.o(i.xPortStartScheduler)
    xPortSysTickHandler                      0x08002219   Thumb Code    38  port.o(i.xPortSysTickHandler)
    xQueueGenericCreate                      0x08002245   Thumb Code    84  queue.o(i.xQueueGenericCreate)
    xQueueGenericReset                       0x08002299   Thumb Code   142  queue.o(i.xQueueGenericReset)
    xQueueGenericSend                        0x0800232d   Thumb Code   276  queue.o(i.xQueueGenericSend)
    xQueueGenericSendFromISR                 0x08002445   Thumb Code   150  queue.o(i.xQueueGenericSendFromISR)
    xQueueReceive                            0x080024dd   Thumb Code   238  queue.o(i.xQueueReceive)
    xTaskCheckForTimeOut                     0x080025d1   Thumb Code    82  tasks.o(i.xTaskCheckForTimeOut)
    xTaskCreate                              0x08002629   Thumb Code    92  tasks.o(i.xTaskCreate)
    xTaskDelayUntil                          0x08002685   Thumb Code    80  tasks.o(i.xTaskDelayUntil)
    xTaskGetSchedulerState                   0x080026dd   Thumb Code    22  tasks.o(i.xTaskGetSchedulerState)
    xTaskGetTickCount                        0x080026f9   Thumb Code     6  tasks.o(i.xTaskGetTickCount)
    xTaskIncrementTick                       0x08002705   Thumb Code   268  tasks.o(i.xTaskIncrementTick)
    xTaskPriorityDisinherit                  0x08002819   Thumb Code   134  tasks.o(i.xTaskPriorityDisinherit)
    xTaskRemoveFromEventList                 0x080028a9   Thumb Code   190  tasks.o(i.xTaskRemoveFromEventList)
    xTaskResumeAll                           0x08002975   Thumb Code   264  tasks.o(i.xTaskResumeAll)
    xTimerCreate                             0x08002a8d   Thumb Code    74  timers.o(i.xTimerCreate)
    xTimerCreateTimerTask                    0x08002ad9   Thumb Code    44  timers.o(i.xTimerCreateTimerTask)
    xTimerGenericCommand                     0x08002b15   Thumb Code    74  timers.o(i.xTimerGenericCommand)
    _fp_init                                 0x08002b65   Thumb Code    10  fpinit.o(x$fpl$fpinit)
    __fplib_config_fpu_vfp                   0x08002b6d   Thumb Code     0  fpinit.o(x$fpl$fpinit)
    __fplib_config_pureend_doubles           0x08002b6d   Thumb Code     0  fpinit.o(x$fpl$fpinit)
    oled_asc2_1206                           0x08002b6e   Data        1140  oled.o(.constdata)
    oled_asc2_1608                           0x08002fe2   Data        1520  oled.o(.constdata)
    Region$$Table$$Base                      0x08003640   Number         0  anon$$obj.o(Region$$Table)
    Region$$Table$$Limit                     0x08003660   Number         0  anon$$obj.o(Region$$Table)
    g_rxChar                                 0x20000000   Data           1  main.o(.data)
    g_newData                                0x20000001   Data           1  main.o(.data)
    uart_number                              0x20000004   Data           4  main.o(.data)
    StartTask_Handler                        0x20000008   Data           4  main.o(.data)
    ledTimerHandle                           0x2000000c   Data           4  main.o(.data)
    SystemCoreClock                          0x20000010   Data           4  system_stm32f4xx.o(.data)
    AHBPrescTable                            0x20000014   Data          16  system_stm32f4xx.o(.data)
    pxCurrentTCB                             0x20000064   Data           4  tasks.o(.data)
    uxTopUsedPriority                        0x20000094   Data           4  tasks.o(.data)
    xQueueRegistry                           0x200050f8   Data          64  queue.o(.bss)
    OLED_GRAM                                0x20005444   Data        1024  oled.o(.bss)
    __libspace_start                         0x20005844   Data          96  libspace.o(.bss)
    __temporary_stack_top$libspace           0x200058a4   Data           0  libspace.o(.bss)



==============================================================================

Memory Map of the image

  Image Entry point : 0x080002f1

  Load Region LR_1 (Base: 0x08000000, Size: 0x00003758, Max: 0xffffffff, ABSOLUTE)

    Execution Region ER_RO (Exec base: 0x08000000, Load base: 0x08000000, Size: 0x00003660, Max: 0xffffffff, ABSOLUTE)

    Exec Addr    Load Addr    Size         Type   Attr      Idx    E Section Name        Object

    0x08000000   0x08000000   0x00000188   Data   RO          230    RESET               startup_stm32f40_41xxx.o
    0x08000188   0x08000188   0x00000008   Code   RO         3680  * !!!main             c_w.l(__main.o)
    0x08000190   0x08000190   0x00000034   Code   RO         3852    !!!scatter          c_w.l(__scatter.o)
    0x080001c4   0x080001c4   0x0000001a   Code   RO         3854    !!handler_copy      c_w.l(__scatter_copy.o)
    0x080001de   0x080001de   0x00000002   PAD
    0x080001e0   0x080001e0   0x0000001c   Code   RO         3856    !!handler_zi        c_w.l(__scatter_zi.o)
    0x080001fc   0x080001fc   0x00000000   Code   RO         3665    .ARM.Collect$$_printf_percent$$00000000  c_w.l(_printf_percent.o)
    0x080001fc   0x080001fc   0x00000006   Code   RO         3663    .ARM.Collect$$_printf_percent$$00000009  c_w.l(_printf_d.o)
    0x08000202   0x08000202   0x00000004   Code   RO         3691    .ARM.Collect$$_printf_percent$$00000017  c_w.l(_printf_percent_end.o)
    0x08000206   0x08000206   0x00000002   Code   RO         3720    .ARM.Collect$$libinit$$00000000  c_w.l(libinit.o)
    0x08000208   0x08000208   0x00000004   Code   RO         3726    .ARM.Collect$$libinit$$00000001  c_w.l(libinit2.o)
    0x0800020c   0x0800020c   0x00000000   Code   RO         3729    .ARM.Collect$$libinit$$00000004  c_w.l(libinit2.o)
    0x0800020c   0x0800020c   0x00000000   Code   RO         3732    .ARM.Collect$$libinit$$0000000A  c_w.l(libinit2.o)
    0x0800020c   0x0800020c   0x00000000   Code   RO         3734    .ARM.Collect$$libinit$$0000000C  c_w.l(libinit2.o)
    0x0800020c   0x0800020c   0x00000000   Code   RO         3736    .ARM.Collect$$libinit$$0000000E  c_w.l(libinit2.o)
    0x0800020c   0x0800020c   0x00000000   Code   RO         3739    .ARM.Collect$$libinit$$00000011  c_w.l(libinit2.o)
    0x0800020c   0x0800020c   0x00000000   Code   RO         3741    .ARM.Collect$$libinit$$00000013  c_w.l(libinit2.o)
    0x0800020c   0x0800020c   0x00000000   Code   RO         3743    .ARM.Collect$$libinit$$00000015  c_w.l(libinit2.o)
    0x0800020c   0x0800020c   0x00000000   Code   RO         3745    .ARM.Collect$$libinit$$00000017  c_w.l(libinit2.o)
    0x0800020c   0x0800020c   0x00000000   Code   RO         3747    .ARM.Collect$$libinit$$00000019  c_w.l(libinit2.o)
    0x0800020c   0x0800020c   0x00000000   Code   RO         3749    .ARM.Collect$$libinit$$0000001B  c_w.l(libinit2.o)
    0x0800020c   0x0800020c   0x00000000   Code   RO         3751    .ARM.Collect$$libinit$$0000001D  c_w.l(libinit2.o)
    0x0800020c   0x0800020c   0x00000000   Code   RO         3753    .ARM.Collect$$libinit$$0000001F  c_w.l(libinit2.o)
    0x0800020c   0x0800020c   0x00000000   Code   RO         3755    .ARM.Collect$$libinit$$00000021  c_w.l(libinit2.o)
    0x0800020c   0x0800020c   0x00000000   Code   RO         3757    .ARM.Collect$$libinit$$00000023  c_w.l(libinit2.o)
    0x0800020c   0x0800020c   0x00000000   Code   RO         3759    .ARM.Collect$$libinit$$00000025  c_w.l(libinit2.o)
    0x0800020c   0x0800020c   0x00000000   Code   RO         3763    .ARM.Collect$$libinit$$0000002C  c_w.l(libinit2.o)
    0x0800020c   0x0800020c   0x00000000   Code   RO         3765    .ARM.Collect$$libinit$$0000002E  c_w.l(libinit2.o)
    0x0800020c   0x0800020c   0x00000000   Code   RO         3767    .ARM.Collect$$libinit$$00000030  c_w.l(libinit2.o)
    0x0800020c   0x0800020c   0x00000000   Code   RO         3769    .ARM.Collect$$libinit$$00000032  c_w.l(libinit2.o)
    0x0800020c   0x0800020c   0x00000002   Code   RO         3770    .ARM.Collect$$libinit$$00000033  c_w.l(libinit2.o)
    0x0800020e   0x0800020e   0x00000002   Code   RO         3790    .ARM.Collect$$libshutdown$$00000000  c_w.l(libshutdown.o)
    0x08000210   0x08000210   0x00000000   Code   RO         3803    .ARM.Collect$$libshutdown$$00000002  c_w.l(libshutdown2.o)
    0x08000210   0x08000210   0x00000000   Code   RO         3805    .ARM.Collect$$libshutdown$$00000004  c_w.l(libshutdown2.o)
    0x08000210   0x08000210   0x00000000   Code   RO         3807    .ARM.Collect$$libshutdown$$00000006  c_w.l(libshutdown2.o)
    0x08000210   0x08000210   0x00000000   Code   RO         3810    .ARM.Collect$$libshutdown$$00000009  c_w.l(libshutdown2.o)
    0x08000210   0x08000210   0x00000000   Code   RO         3813    .ARM.Collect$$libshutdown$$0000000C  c_w.l(libshutdown2.o)
    0x08000210   0x08000210   0x00000000   Code   RO         3815    .ARM.Collect$$libshutdown$$0000000E  c_w.l(libshutdown2.o)
    0x08000210   0x08000210   0x00000000   Code   RO         3818    .ARM.Collect$$libshutdown$$00000011  c_w.l(libshutdown2.o)
    0x08000210   0x08000210   0x00000002   Code   RO         3819    .ARM.Collect$$libshutdown$$00000012  c_w.l(libshutdown2.o)
    0x08000212   0x08000212   0x00000000   Code   RO         3682    .ARM.Collect$$rtentry$$00000000  c_w.l(__rtentry.o)
    0x08000212   0x08000212   0x00000000   Code   RO         3695    .ARM.Collect$$rtentry$$00000002  c_w.l(__rtentry2.o)
    0x08000212   0x08000212   0x00000006   Code   RO         3707    .ARM.Collect$$rtentry$$00000004  c_w.l(__rtentry4.o)
    0x08000218   0x08000218   0x00000000   Code   RO         3697    .ARM.Collect$$rtentry$$00000009  c_w.l(__rtentry2.o)
    0x08000218   0x08000218   0x00000004   Code   RO         3698    .ARM.Collect$$rtentry$$0000000A  c_w.l(__rtentry2.o)
    0x0800021c   0x0800021c   0x00000000   Code   RO         3700    .ARM.Collect$$rtentry$$0000000C  c_w.l(__rtentry2.o)
    0x0800021c   0x0800021c   0x00000008   Code   RO         3701    .ARM.Collect$$rtentry$$0000000D  c_w.l(__rtentry2.o)
    0x08000224   0x08000224   0x00000002   Code   RO         3724    .ARM.Collect$$rtexit$$00000000  c_w.l(rtexit.o)
    0x08000226   0x08000226   0x00000000   Code   RO         3772    .ARM.Collect$$rtexit$$00000002  c_w.l(rtexit2.o)
    0x08000226   0x08000226   0x00000004   Code   RO         3773    .ARM.Collect$$rtexit$$00000003  c_w.l(rtexit2.o)
    0x0800022a   0x0800022a   0x00000006   Code   RO         3774    .ARM.Collect$$rtexit$$00000004  c_w.l(rtexit2.o)
    0x08000230   0x08000230   0x000000be   Code   RO         2171    .emb_text           port.o
    0x080002ee   0x080002ee   0x00000002   PAD
    0x080002f0   0x080002f0   0x00000040   Code   RO          231  * .text               startup_stm32f40_41xxx.o
    0x08000330   0x08000330   0x00000028   Code   RO         3634    .text               c_w.l(noretval__2sprintf.o)
    0x08000358   0x08000358   0x00000068   Code   RO         3636    .text               c_w.l(__printf.o)
    0x080003c0   0x080003c0   0x00000078   Code   RO         3640    .text               c_w.l(_printf_dec.o)
    0x08000438   0x08000438   0x0000008a   Code   RO         3670    .text               c_w.l(rt_memcpy_v6.o)
    0x080004c2   0x080004c2   0x00000010   Code   RO         3672    .text               c_w.l(aeabi_memset.o)
    0x080004d2   0x080004d2   0x00000044   Code   RO         3674    .text               c_w.l(rt_memclr.o)
    0x08000516   0x08000516   0x0000004e   Code   RO         3676    .text               c_w.l(rt_memclr_w.o)
    0x08000564   0x08000564   0x00000006   Code   RO         3678    .text               c_w.l(heapauxi.o)
    0x0800056a   0x0800056a   0x000000b2   Code   RO         3683    .text               c_w.l(_printf_intcommon.o)
    0x0800061c   0x0800061c   0x00000030   Code   RO         3685    .text               c_w.l(_printf_char_common.o)
    0x0800064c   0x0800064c   0x0000000a   Code   RO         3687    .text               c_w.l(_sputc.o)
    0x08000656   0x08000656   0x00000064   Code   RO         3692    .text               c_w.l(rt_memcpy_w.o)
    0x080006ba   0x080006ba   0x0000004a   Code   RO         3711    .text               c_w.l(sys_stackheap_outer.o)
    0x08000704   0x08000704   0x00000012   Code   RO         3713    .text               c_w.l(exit.o)
    0x08000716   0x08000716   0x00000002   PAD
    0x08000718   0x08000718   0x00000008   Code   RO         3721    .text               c_w.l(libspace.o)
    0x08000720   0x08000720   0x0000000c   Code   RO         3782    .text               c_w.l(sys_exit.o)
    0x0800072c   0x0800072c   0x00000002   Code   RO         3793    .text               c_w.l(use_no_semi.o)
    0x0800072e   0x0800072e   0x00000000   Code   RO         3795    .text               c_w.l(indicate_semi.o)
    0x0800072e   0x0800072e   0x00000002   PAD
    0x08000730   0x08000730   0x00000030   Code   RO         3572    i.BUTTON_Init       playsong.o
    0x08000760   0x08000760   0x00000040   Code   RO         3519    i.BUZZER_Init       buzzer.o
    0x080007a0   0x080007a0   0x00000002   Code   RO          237    i.BusFault_Handler  stm32f4xx_it.o
    0x080007a2   0x080007a2   0x00000002   Code   RO          238    i.DebugMon_Handler  stm32f4xx_it.o
    0x080007a4   0x080007a4   0x00000078   Code   RO          401    i.GPIO_Init         stm32f4xx_gpio.o
    0x0800081c   0x0800081c   0x00000020   Code   RO          402    i.GPIO_PinAFConfig  stm32f4xx_gpio.o
    0x0800083c   0x0800083c   0x0000000e   Code   RO          405    i.GPIO_ReadInputDataBit  stm32f4xx_gpio.o
    0x0800084a   0x0800084a   0x00000004   Code   RO          408    i.GPIO_ResetBits    stm32f4xx_gpio.o
    0x0800084e   0x0800084e   0x00000004   Code   RO          409    i.GPIO_SetBits      stm32f4xx_gpio.o
    0x08000852   0x08000852   0x00000002   Code   RO          239    i.HardFault_Handler  stm32f4xx_it.o
    0x08000854   0x08000854   0x00000040   Code   RO         3374    i.LED_Init          led.o
    0x08000894   0x08000894   0x00000002   Code   RO          240    i.MemManage_Handler  stm32f4xx_it.o
    0x08000896   0x08000896   0x00000002   Code   RO          241    i.NMI_Handler       stm32f4xx_it.o
    0x08000898   0x08000898   0x00000064   Code   RO          356    i.NVIC_Init         misc.o
    0x080008fc   0x080008fc   0x00000014   Code   RO          357    i.NVIC_PriorityGroupConfig  misc.o
    0x08000910   0x08000910   0x0000002c   Code   RO         3406    i.OLED_Clear        oled.o
    0x0800093c   0x0800093c   0x0000003c   Code   RO         3409    i.OLED_DrawPoint    oled.o
    0x08000978   0x08000978   0x00000130   Code   RO         3410    i.OLED_Init         oled.o
    0x08000aa8   0x08000aa8   0x00000048   Code   RO         3411    i.OLED_Refresh_Gram  oled.o
    0x08000af0   0x08000af0   0x00000084   Code   RO         3412    i.OLED_ShowChar     oled.o
    0x08000b74   0x08000b74   0x0000003e   Code   RO         3414    i.OLED_ShowString   oled.o
    0x08000bb2   0x08000bb2   0x00000002   PAD
    0x08000bb4   0x08000bb4   0x00000044   Code   RO         3415    i.OLED_WR_Byte      oled.o
    0x08000bf8   0x08000bf8   0x0000000c   Code   RO          722    i.PWR_BackupAccessCmd  stm32f4xx_pwr.o
    0x08000c04   0x08000c04   0x00000018   Code   RO          844    i.RCC_AHB1PeriphClockCmd  stm32f4xx_rcc.o
    0x08000c1c   0x08000c1c   0x00000018   Code   RO          853    i.RCC_APB1PeriphClockCmd  stm32f4xx_rcc.o
    0x08000c34   0x08000c34   0x00000090   Code   RO          865    i.RCC_GetClocksFreq  stm32f4xx_rcc.o
    0x08000cc4   0x08000cc4   0x0000001c   Code   RO          874    i.RCC_LSEConfig     stm32f4xx_rcc.o
    0x08000ce0   0x08000ce0   0x000000b4   Code   RO          319    i.SetSysClock       system_stm32f4xx.o
    0x08000d94   0x08000d94   0x00000018   Code   RO          360    i.SysTick_CLKSourceConfig  misc.o
    0x08000dac   0x08000dac   0x00000014   Code   RO         2032    i.SysTick_Handler   delay.o
    0x08000dc0   0x08000dc0   0x0000005c   Code   RO          321    i.SystemInit        system_stm32f4xx.o
    0x08000e1c   0x08000e1c   0x00000030   Code   RO         1990    i.USART3_IRQHandler  system.o
    0x08000e4c   0x08000e4c   0x00000014   Code   RO         1785    i.USART_Cmd         stm32f4xx_usart.o
    0x08000e60   0x08000e60   0x0000003e   Code   RO         1789    i.USART_GetITStatus  stm32f4xx_usart.o
    0x08000e9e   0x08000e9e   0x00000030   Code   RO         1791    i.USART_ITConfig    stm32f4xx_usart.o
    0x08000ece   0x08000ece   0x00000002   PAD
    0x08000ed0   0x08000ed0   0x000000ac   Code   RO         1792    i.USART_Init        stm32f4xx_usart.o
    0x08000f7c   0x08000f7c   0x00000008   Code   RO         1799    i.USART_ReceiveData  stm32f4xx_usart.o
    0x08000f84   0x08000f84   0x00000002   Code   RO          242    i.UsageFault_Handler  stm32f4xx_it.o
    0x08000f86   0x08000f86   0x00000002   PAD
    0x08000f88   0x08000f88   0x00000028   Code   RO         3573    i.button_task       playsong.o
    0x08000fb0   0x08000fb0   0x00000038   Code   RO         2033    i.delay_init        delay.o
    0x08000fe8   0x08000fe8   0x00000038   Code   RO         2034    i.delay_ms          delay.o
    0x08001020   0x08001020   0x00000034   Code   RO         2035    i.delay_us          delay.o
    0x08001054   0x08001054   0x0000001a   Code   RO         2036    i.delay_xms         delay.o
    0x0800106e   0x0800106e   0x00000014   Code   RO         3574    i.getDuration       playsong.o
    0x08001082   0x08001082   0x00000002   PAD
    0x08001084   0x08001084   0x0000002c   Code   RO         3575    i.getNote           playsong.o
    0x080010b0   0x080010b0   0x00000020   Code   RO         3576    i.getPause          playsong.o
    0x080010d0   0x080010d0   0x0000001c   Code   RO         2037    i.getSysTickCnt     delay.o
    0x080010ec   0x080010ec   0x0000004c   Code   RO         3375    i.led_timer_callback  led.o
    0x08001138   0x08001138   0x00000038   Code   RO            3    i.main              main.o
    0x08001170   0x08001170   0x00000084   Code   RO         3577    i.playNote          playsong.o
    0x080011f4   0x080011f4   0x00000070   Code   RO         3578    i.playSong          playsong.o
    0x08001264   0x08001264   0x00000088   Code   RO         2838    i.prvAddCurrentTaskToDelayedList  tasks.o
    0x080012ec   0x080012ec   0x000000f0   Code   RO         2839    i.prvAddNewTaskToReadyList  tasks.o
    0x080013dc   0x080013dc   0x00000050   Code   RO         3213    i.prvCheckForValidListAndQueue  timers.o
    0x0800142c   0x0800142c   0x00000026   Code   RO         2442    i.prvCopyDataFromQueue  queue.o
    0x08001452   0x08001452   0x0000006c   Code   RO         2443    i.prvCopyDataToQueue  queue.o
    0x080014be   0x080014be   0x00000014   Code   RO         2840    i.prvDeleteTCB      tasks.o
    0x080014d2   0x080014d2   0x00000002   PAD
    0x080014d4   0x080014d4   0x00000044   Code   RO         2087    i.prvHeapInit       heap_4.o
    0x08001518   0x08001518   0x0000005c   Code   RO         2841    i.prvIdleTask       tasks.o
    0x08001574   0x08001574   0x00000084   Code   RO         2842    i.prvInitialiseNewTask  tasks.o
    0x080015f8   0x080015f8   0x0000004c   Code   RO         2088    i.prvInsertBlockIntoFreeList  heap_4.o
    0x08001644   0x08001644   0x00000038   Code   RO         3214    i.prvInsertTimerInActiveList  timers.o
    0x0800167c   0x0800167c   0x0000001a   Code   RO         2444    i.prvIsQueueEmpty   queue.o
    0x08001696   0x08001696   0x0000004e   Code   RO         2445    i.prvNotifyQueueSetContainer  queue.o
    0x080016e4   0x080016e4   0x00000040   Code   RO         3215    i.prvProcessExpiredTimer  timers.o
    0x08001724   0x08001724   0x000000e4   Code   RO         3216    i.prvProcessReceivedCommands  timers.o
    0x08001808   0x08001808   0x0000006c   Code   RO         3217    i.prvProcessTimerOrBlockTask  timers.o
    0x08001874   0x08001874   0x00000028   Code   RO         3218    i.prvReloadTimer    timers.o
    0x0800189c   0x0800189c   0x0000001c   Code   RO         2844    i.prvResetNextTaskUnblockTime  tasks.o
    0x080018b8   0x080018b8   0x00000048   Code   RO         3219    i.prvSampleTimeNow  timers.o
    0x08001900   0x08001900   0x00000010   Code   RO         2172    i.prvTaskExitError  port.o
    0x08001910   0x08001910   0x00000028   Code   RO         3220    i.prvTimerTask      timers.o
    0x08001938   0x08001938   0x00000076   Code   RO         2446    i.prvUnlockQueue    queue.o
    0x080019ae   0x080019ae   0x00000002   PAD
    0x080019b0   0x080019b0   0x00000098   Code   RO         2090    i.pvPortMalloc      heap_4.o
    0x08001a48   0x08001a48   0x0000002c   Code   RO         2173    i.pxPortInitialiseStack  port.o
    0x08001a74   0x08001a74   0x00000128   Code   RO         3495    i.show_task         show.o
    0x08001b9c   0x08001b9c   0x000000bc   Code   RO            4    i.start_task        main.o
    0x08001c58   0x08001c58   0x0000002c   Code   RO         1991    i.systemInit        system.o
    0x08001c84   0x08001c84   0x000000b0   Code   RO         1992    i.uart3_init        system.o
    0x08001d34   0x08001d34   0x00000054   Code   RO         3551    i.uart_task         uart.o
    0x08001d88   0x08001d88   0x00000014   Code   RO         1993    i.usart3_send       system.o
    0x08001d9c   0x08001d9c   0x00000026   Code   RO         2397    i.uxListRemove      list.o
    0x08001dc2   0x08001dc2   0x00000002   PAD
    0x08001dc4   0x08001dc4   0x0000000c   Code   RO         2849    i.uxTaskGetNumberOfTasks  tasks.o
    0x08001dd0   0x08001dd0   0x00000016   Code   RO         2398    i.vListInitialise   list.o
    0x08001de6   0x08001de6   0x00000006   Code   RO         2399    i.vListInitialiseItem  list.o
    0x08001dec   0x08001dec   0x00000030   Code   RO         2400    i.vListInsert       list.o
    0x08001e1c   0x08001e1c   0x00000018   Code   RO         2401    i.vListInsertEnd    list.o
    0x08001e34   0x08001e34   0x00000028   Code   RO         2175    i.vPortEnterCritical  port.o
    0x08001e5c   0x08001e5c   0x00000014   Code   RO         2176    i.vPortExitCritical  port.o
    0x08001e70   0x08001e70   0x00000044   Code   RO         2091    i.vPortFree         heap_4.o
    0x08001eb4   0x08001eb4   0x00000024   Code   RO         2177    i.vPortSetupTimerInterrupt  port.o
    0x08001ed8   0x08001ed8   0x0000001c   Code   RO         2178    i.vPortValidateInterruptPriority  port.o
    0x08001ef4   0x08001ef4   0x0000003c   Code   RO         2452    i.vQueueAddToRegistry  queue.o
    0x08001f30   0x08001f30   0x00000044   Code   RO         2456    i.vQueueWaitForMessageRestricted  queue.o
    0x08001f74   0x08001f74   0x00000038   Code   RO         2855    i.vTaskDelay        tasks.o
    0x08001fac   0x08001fac   0x000000a0   Code   RO         2856    i.vTaskDelete       tasks.o
    0x0800204c   0x0800204c   0x00000010   Code   RO         2860    i.vTaskInternalSetTimeOutState  tasks.o
    0x0800205c   0x0800205c   0x0000000c   Code   RO         2862    i.vTaskMissedYield  tasks.o
    0x08002068   0x08002068   0x00000024   Code   RO         2863    i.vTaskPlaceOnEventList  tasks.o
    0x0800208c   0x0800208c   0x00000040   Code   RO         2864    i.vTaskPlaceOnEventListRestricted  tasks.o
    0x080020cc   0x080020cc   0x00000058   Code   RO         2872    i.vTaskStartScheduler  tasks.o
    0x08002124   0x08002124   0x00000010   Code   RO         2874    i.vTaskSuspendAll   tasks.o
    0x08002134   0x08002134   0x00000048   Code   RO         2875    i.vTaskSwitchContext  tasks.o
    0x0800217c   0x0800217c   0x0000009c   Code   RO         2179    i.xPortStartScheduler  port.o
    0x08002218   0x08002218   0x0000002c   Code   RO         2180    i.xPortSysTickHandler  port.o
    0x08002244   0x08002244   0x00000054   Code   RO         2461    i.xQueueGenericCreate  queue.o
    0x08002298   0x08002298   0x00000094   Code   RO         2462    i.xQueueGenericReset  queue.o
    0x0800232c   0x0800232c   0x00000118   Code   RO         2463    i.xQueueGenericSend  queue.o
    0x08002444   0x08002444   0x00000096   Code   RO         2464    i.xQueueGenericSendFromISR  queue.o
    0x080024da   0x080024da   0x00000002   PAD
    0x080024dc   0x080024dc   0x000000f4   Code   RO         2471    i.xQueueReceive     queue.o
    0x080025d0   0x080025d0   0x00000058   Code   RO         2877    i.xTaskCheckForTimeOut  tasks.o
    0x08002628   0x08002628   0x0000005c   Code   RO         2878    i.xTaskCreate       tasks.o
    0x08002684   0x08002684   0x00000058   Code   RO         2879    i.xTaskDelayUntil   tasks.o
    0x080026dc   0x080026dc   0x0000001c   Code   RO         2885    i.xTaskGetSchedulerState  tasks.o
    0x080026f8   0x080026f8   0x0000000c   Code   RO         2886    i.xTaskGetTickCount  tasks.o
    0x08002704   0x08002704   0x00000114   Code   RO         2888    i.xTaskIncrementTick  tasks.o
    0x08002818   0x08002818   0x00000090   Code   RO         2889    i.xTaskPriorityDisinherit  tasks.o
    0x080028a8   0x080028a8   0x000000cc   Code   RO         2891    i.xTaskRemoveFromEventList  tasks.o
    0x08002974   0x08002974   0x00000118   Code   RO         2892    i.xTaskResumeAll    tasks.o
    0x08002a8c   0x08002a8c   0x0000004a   Code   RO         3227    i.xTimerCreate      timers.o
    0x08002ad6   0x08002ad6   0x00000002   PAD
    0x08002ad8   0x08002ad8   0x0000003c   Code   RO         3228    i.xTimerCreateTimerTask  timers.o
    0x08002b14   0x08002b14   0x00000050   Code   RO         3229    i.xTimerGenericCommand  timers.o
    0x08002b64   0x08002b64   0x0000000a   Code   RO         3780    x$fpl$fpinit        fz_wm.l(fpinit.o)
    0x08002b6e   0x08002b6e   0x00000a64   Data   RO         3418    .constdata          oled.o
    0x080035d2   0x080035d2   0x00000002   PAD
    0x080035d4   0x080035d4   0x00000069   Data   RO         3579    .conststring        playsong.o
    0x0800363d   0x0800363d   0x00000003   PAD
    0x08003640   0x08003640   0x00000020   Data   RO         3850    Region$$Table       anon$$obj.o


    Execution Region ER_RW (Exec base: 0x20000000, Load base: 0x08003660, Size: 0x000000f8, Max: 0xffffffff, ABSOLUTE)

    Exec Addr    Load Addr    Size         Type   Attr      Idx    E Section Name        Object

    0x20000000   0x08003660   0x00000001   Data   RW            5    .data               main.o
    0x20000001   0x08003661   0x00000001   Data   RW            6    .data               main.o
    0x20000002   0x08003662   0x00000002   PAD
    0x20000004   0x08003664   0x00000004   Data   RW            7    .data               main.o
    0x20000008   0x08003668   0x00000008   Data   RW            8    .data               main.o
    0x20000010   0x08003670   0x00000014   Data   RW          322    .data               system_stm32f4xx.o
    0x20000024   0x08003684   0x00000010   Data   RW          897    .data               stm32f4xx_rcc.o
    0x20000034   0x08003694   0x00000008   Data   RW         2038    .data               delay.o
    0x2000003c   0x0800369c   0x0000001c   Data   RW         2097    .data               heap_4.o
    0x20000058   0x080036b8   0x0000000c   Data   RW         2181    .data               port.o
    0x20000064   0x080036c4   0x00000040   Data   RW         2895    .data               tasks.o
    0x200000a4   0x08003704   0x00000014   Data   RW         3238    .data               timers.o
    0x200000b8   0x08003718   0x00000001   Data   RW         3376    .data               led.o
    0x200000b9   0x08003719   0x00000003   PAD
    0x200000bc   0x0800371c   0x0000003c   Data   RW         3580    .data               playsong.o


    Execution Region ER_ZI (Exec base: 0x200000f8, Load base: 0x08003758, Size: 0x00005db0, Max: 0xffffffff, ABSOLUTE)

    Exec Addr    Load Addr    Size         Type   Attr      Idx    E Section Name        Object

    0x200000f8        -       0x00005000   Zero   RW         2096    .bss                heap_4.o
    0x200050f8        -       0x00000040   Zero   RW         2478    .bss                queue.o
    0x20005138        -       0x000002e4   Zero   RW         2894    .bss                tasks.o
    0x2000541c        -       0x00000028   Zero   RW         3237    .bss                timers.o
    0x20005444        -       0x00000400   Zero   RW         3417    .bss                oled.o
    0x20005844        -       0x00000060   Zero   RW         3722    .bss                c_w.l(libspace.o)
    0x200058a4   0x08003758   0x00000004   PAD
    0x200058a8        -       0x00000200   Zero   RW          229    HEAP                startup_stm32f40_41xxx.o
    0x20005aa8        -       0x00000400   Zero   RW          228    STACK               startup_stm32f40_41xxx.o


==============================================================================

Image component sizes


      Code (inc. data)   RO Data    RW Data    ZI Data      Debug   Object Name

        64          6          0          0          0        538   buzzer.o
       238         20          0          8          0       3593   delay.o
         0          0          0          0          0      12012   event_groups.o
       364         22          0         28      20480       7067   heap_4.o
       140         24          0          1          0       1088   led.o
       138          0          0          0          0       3182   list.o
       244         92          0         14          0     282538   main.o
       144         14          0          0          0       2125   misc.o
       742         42       2660          0       1024       5598   oled.o
       428         36        105         60          0       4701   playsong.o
       574         64          0         12          0      10181   port.o
      1402         22          0          0         64      16170   queue.o
       296        116          0          0          0        756   show.o
        64         26        392          0       1536        824   startup_stm32f40_41xxx.o
       174          0          0          0          0       3543   stm32f4xx_gpio.o
        12          0          0          0          0       2673   stm32f4xx_it.o
        12          6          0          0          0        534   stm32f4xx_pwr.o
       220         30          0         16          0       4662   stm32f4xx_rcc.o
       310          8          0          0          0       4462   stm32f4xx_usart.o
       288         26          0          0          0       2256   system.o
       272         36          0         20          0       1745   system_stm32f4xx.o
      2392        194          0         64        740      33575   tasks.o
       902         88          0         20         40      12472   timers.o
        84         40          0          0          0        572   uart.o

    ----------------------------------------------------------------------
      9524        912       3194        248      23884     416867   Object Totals
         0          0         32          0          0          0   (incl. Generated)
        20          0          5          5          0          0   (incl. Padding)

    ----------------------------------------------------------------------

      Code (inc. data)   RO Data    RW Data    ZI Data      Debug   Library Member Name

         8          0          0          0          0         68   __main.o
       104          0          0          0          0         84   __printf.o
         0          0          0          0          0          0   __rtentry.o
        12          0          0          0          0          0   __rtentry2.o
         6          0          0          0          0          0   __rtentry4.o
        52          8          0          0          0          0   __scatter.o
        26          0          0          0          0          0   __scatter_copy.o
        28          0          0          0          0          0   __scatter_zi.o
        48          6          0          0          0         96   _printf_char_common.o
         6          0          0          0          0          0   _printf_d.o
       120         16          0          0          0         92   _printf_dec.o
       178          0          0          0          0         88   _printf_intcommon.o
         0          0          0          0          0          0   _printf_percent.o
         4          0          0          0          0          0   _printf_percent_end.o
        10          0          0          0          0         68   _sputc.o
        16          0          0          0          0         68   aeabi_memset.o
        18          0          0          0          0         80   exit.o
         6          0          0          0          0        152   heapauxi.o
         0          0          0          0          0          0   indicate_semi.o
         2          0          0          0          0          0   libinit.o
         6          0          0          0          0          0   libinit2.o
         2          0          0          0          0          0   libshutdown.o
         2          0          0          0          0          0   libshutdown2.o
         8          4          0          0         96         68   libspace.o
        40          6          0          0          0         84   noretval__2sprintf.o
        68          0          0          0          0         68   rt_memclr.o
        78          0          0          0          0         80   rt_memclr_w.o
       138          0          0          0          0         68   rt_memcpy_v6.o
       100          0          0          0          0         80   rt_memcpy_w.o
         2          0          0          0          0          0   rtexit.o
        10          0          0          0          0          0   rtexit2.o
        12          4          0          0          0         68   sys_exit.o
        74          0          0          0          0         80   sys_stackheap_outer.o
         2          0          0          0          0         68   use_no_semi.o
        10          0          0          0          0        116   fpinit.o

    ----------------------------------------------------------------------
      1202         44          0          0        100       1576   Library Totals
         6          0          0          0          4          0   (incl. Padding)

    ----------------------------------------------------------------------

      Code (inc. data)   RO Data    RW Data    ZI Data      Debug   Library Name

      1186         44          0          0         96       1460   c_w.l
        10          0          0          0          0        116   fz_wm.l

    ----------------------------------------------------------------------
      1202         44          0          0        100       1576   Library Totals

    ----------------------------------------------------------------------

==============================================================================


      Code (inc. data)   RO Data    RW Data    ZI Data      Debug   

     10726        956       3194        248      23984     406115   Grand Totals
     10726        956       3194        248      23984     406115   ELF Image Totals
     10726        956       3194        248          0          0   ROM Totals

==============================================================================

    Total RO  Size (Code + RO Data)                13920 (  13.59kB)
    Total RW  Size (RW Data + ZI Data)             24232 (  23.66kB)
    Total ROM Size (Code + RO Data + RW Data)      14168 (  13.84kB)

==============================================================================

